 WebWorkerThreads

 Timestamp is 5631ce3a (Thu Oct 29 15:43:54 2015)

 Preferred load address is 0000000180000000

 Start         Length     Name                   Class
 0001:00000000 00000077H .text$di                CODE
 0001:00000080 0001c933H .text$mn                CODE
 0001:0001c9c0 000003a0H .text$x                 CODE
 0001:0001cd60 00000023H .text$yd                CODE
 0002:00000000 00000248H .idata$5                DATA
 0002:00000248 00000008H .CRT$XCA                DATA
 0002:00000250 00000030H .CRT$XCU                DATA
 0002:00000280 00000008H .CRT$XCZ                DATA
 0002:00000288 00000008H .CRT$XIA                DATA
 0002:00000290 00000020H .CRT$XIC                DATA
 0002:000002b0 00000008H .CRT$XIZ                DATA
 0002:000002b8 00000008H .CRT$XPA                DATA
 0002:000002c0 00000010H .CRT$XPX                DATA
 0002:000002d0 00000008H .CRT$XPXA               DATA
 0002:000002d8 00000008H .CRT$XPZ                DATA
 0002:000002e0 00000008H .CRT$XTA                DATA
 0002:000002e8 00000008H .CRT$XTZ                DATA
 0002:000002f0 00009620H .rdata                  DATA
 0002:00009910 00000090H .rdata$debug            DATA
 0002:000099a0 0000016cH .rdata$r                DATA
 0002:00009b10 00000008H .rtc$IAA                DATA
 0002:00009b18 00000008H .rtc$IZZ                DATA
 0002:00009b20 00000008H .rtc$TAA                DATA
 0002:00009b28 00000008H .rtc$TZZ                DATA
 0002:00009b30 00001588H .xdata                  DATA
 0002:0000b0b8 0000010cH .xdata$x                DATA
 0002:0000b1c4 00000020H .didat$2                DATA
 0002:0000b1e4 00000020H .didat$3                DATA
 0002:0000b208 000004e0H .didat$4                DATA
 0002:0000b6e8 000023feH .didat$6                DATA
 0002:0000dae8 000004e0H .didat$7                DATA
 0002:0000dfd0 00003b6cH .edata                  DATA
 0002:00011b3c 00000014H .idata$2                DATA
 0002:00011b50 00000014H .idata$3                DATA
 0002:00011b68 00000248H .idata$4                DATA
 0002:00011db0 0000053eH .idata$6                DATA
 0003:00000000 00001999H .data                   DATA
 0003:000019a0 0000009eH .data$r                 DATA
 0003:00001a40 000004e0H .didat$5                DATA
 0003:00001f20 00002500H .bss                    DATA
 0004:00000000 00001560H .pdata                  DATA
 0005:00000000 00000058H .rsrc$01                DATA
 0005:00000060 00000180H .rsrc$02                DATA

  Address         Publics by Value              Rva+Base               Lib:Object

 0000:00000000       ___safe_se_handler_count   0000000000000000     <absolute>
 0000:00000000       ___safe_se_handler_table   0000000000000000     <absolute>
 0000:00000000       __guard_fids_table         0000000000000000     <absolute>
 0000:00000000       __guard_flags              0000000000000000     <absolute>
 0000:00000000       __guard_fids_count         0000000000000000     <absolute>
 0000:00000000       __ImageBase                0000000180000000     <linker-defined>
 0001:00000080       ?Data@Contents@ArrayBuffer@v8@@QEBAPEAXXZ 0000000180001080 f i WebWorkerThreads.obj
 0001:00000080       ?total_heap_size@HeapStatistics@v8@@QEAA_KXZ 0000000180001080 f i WebWorkerThreads.obj
 0001:00000080       ?impl@StreamedSource@ScriptCompiler@v8@@QEBAPEAU1internal@3@XZ 0000000180001080 f i WebWorkerThreads.obj
 0001:00000080       ??DUtf8Value@String@v8@@QEBAPEBDXZ 0000000180001080 f i WebWorkerThreads.obj
 0001:00000080       ?Data@Contents@SharedArrayBuffer@v8@@QEBAPEAXXZ 0000000180001080 f i WebWorkerThreads.obj
 0001:00000080       ??DValue@String@v8@@QEAAPEAGXZ 0000000180001080 f i WebWorkerThreads.obj
 0001:00000080       ??DUtf8Value@String@v8@@QEAAPEADXZ 0000000180001080 f i WebWorkerThreads.obj
 0001:00000080       ?GetIsolate@HandleScope@v8@@QEBAPEAVIsolate@2@XZ 0000000180001080 f i WebWorkerThreads.obj
 0001:00000080       ?space_name@HeapSpaceStatistics@v8@@QEAAPEBDXZ 0000000180001080 f i WebWorkerThreads.obj
 0001:00000080       ?object_type@HeapObjectStatistics@v8@@QEAAPEBDXZ 0000000180001080 f i WebWorkerThreads.obj
 0001:00000080       ??DValue@String@v8@@QEBAPEBGXZ 0000000180001080 f i WebWorkerThreads.obj
 0001:00000090       ??4RegExp@v8@@QEAAAEAV01@AEBV01@@Z 0000000180001090 f i WebWorkerThreads.obj
 0001:00000090       ??4Int32@v8@@QEAAAEAV01@AEBV01@@Z 0000000180001090 f i WebWorkerThreads.obj
 0001:00000090       ??4V8@v8@@QEAAAEAV01@AEBV01@@Z 0000000180001090 f i WebWorkerThreads.obj
 0001:00000090       ?Cast@Uint16Array@v8@@SAPEAV12@PEAVValue@2@@Z 0000000180001090 f i WebWorkerThreads.obj
 0001:00000090       ??4Allocator@ArrayBuffer@v8@@QEAAAEAV012@AEBV012@@Z 0000000180001090 f i WebWorkerThreads.obj
 0001:00000090       ??4NumberObject@v8@@QEAAAEAV01@AEBV01@@Z 0000000180001090 f i WebWorkerThreads.obj
 0001:00000090       ??4Exception@v8@@QEAAAEAV01@AEBV01@@Z 0000000180001090 f i WebWorkerThreads.obj
 0001:00000090       ??4ArrayBuffer@v8@@QEAAAEAV01@AEBV01@@Z 0000000180001090 f i WebWorkerThreads.obj
 0001:00000090       ?Cast@Date@v8@@SAPEAV12@PEAVValue@2@@Z 0000000180001090 f i WebWorkerThreads.obj
 0001:00000090       ??4FunctionTemplate@v8@@QEAAAEAV01@AEBV01@@Z 0000000180001090 f i WebWorkerThreads.obj
 0001:00000090       ??4Context@v8@@QEAAAEAV01@AEBV01@@Z 0000000180001090 f i WebWorkerThreads.obj
 0001:00000090       ?Cast@TypedArray@v8@@SAPEAV12@PEAVValue@2@@Z 0000000180001090 f i WebWorkerThreads.obj
 0001:00000090       ??4Float64Array@v8@@QEAAAEAV01@AEBV01@@Z 0000000180001090 f i WebWorkerThreads.obj
 0001:00000090       ?Cast@Uint32Array@v8@@SAPEAV12@PEAVValue@2@@Z 0000000180001090 f i WebWorkerThreads.obj
 0001:00000090       ??4Script@v8@@QEAAAEAV01@AEBV01@@Z 0000000180001090 f i WebWorkerThreads.obj
 0001:00000090       ?Cast@Set@v8@@SAPEAV12@PEAVValue@2@@Z 0000000180001090 f i WebWorkerThreads.obj
 0001:00000090       ??4SymbolObject@v8@@QEAAAEAV01@AEBV01@@Z 0000000180001090 f i WebWorkerThreads.obj
 0001:00000090       ??4Name@v8@@QEAAAEAV01@AEBV01@@Z 0000000180001090 f i WebWorkerThreads.obj
 0001:00000090       ??4Int16Array@v8@@QEAAAEAV01@AEBV01@@Z 0000000180001090 f i WebWorkerThreads.obj
 0001:00000090       ??4Uint16Array@v8@@QEAAAEAV01@AEBV01@@Z 0000000180001090 f i WebWorkerThreads.obj
 0001:00000090       ??4TypeSwitch@v8@@QEAAAEAV01@AEBV01@@Z 0000000180001090 f i WebWorkerThreads.obj
 0001:00000090       ??4BooleanObject@v8@@QEAAAEAV01@AEBV01@@Z 0000000180001090 f i WebWorkerThreads.obj
 0001:00000090       ??4Promise@v8@@QEAAAEAV01@AEBV01@@Z 0000000180001090 f i WebWorkerThreads.obj
 0001:00000090       ?Cast@Uint8ClampedArray@v8@@SAPEAV12@PEAVValue@2@@Z 0000000180001090 f i WebWorkerThreads.obj
 0001:00000090       ??4Uint32@v8@@QEAAAEAV01@AEBV01@@Z 0000000180001090 f i WebWorkerThreads.obj
 0001:00000090       ?Cast@Int32Array@v8@@SAPEAV12@PEAVValue@2@@Z 0000000180001090 f i WebWorkerThreads.obj
 0001:00000090       ?Cast@Promise@v8@@SAPEAV12@PEAVValue@2@@Z 0000000180001090 f i WebWorkerThreads.obj
 0001:00000090       ??4StackFrame@v8@@QEAAAEAV01@AEBV01@@Z 0000000180001090 f i WebWorkerThreads.obj
 0001:00000090       ??4String@v8@@QEAAAEAV01@AEBV01@@Z 0000000180001090 f i WebWorkerThreads.obj
 0001:00000090       ?Cast@Uint32@v8@@SAPEAV12@PEAVValue@2@@Z 0000000180001090 f i WebWorkerThreads.obj
 0001:00000090       ?Cast@Object@v8@@SAPEAV12@PEAVValue@2@@Z 0000000180001090 f i WebWorkerThreads.obj
 0001:00000090       ??4JSON@v8@@QEAAAEAV01@AEBV01@@Z 0000000180001090 f i WebWorkerThreads.obj
 0001:00000090       ??4ArrayBufferView@v8@@QEAAAEAV01@AEBV01@@Z 0000000180001090 f i WebWorkerThreads.obj
 0001:00000090       ??4Value@v8@@QEAAAEAV01@AEBV01@@Z 0000000180001090 f i WebWorkerThreads.obj
 0001:00000090       ?Cast@Array@v8@@SAPEAV12@PEAVValue@2@@Z 0000000180001090 f i WebWorkerThreads.obj
 0001:00000090       ??4StackTrace@v8@@QEAAAEAV01@AEBV01@@Z 0000000180001090 f i WebWorkerThreads.obj
 0001:00000090       ??4ExternalResourceVisitor@v8@@QEAAAEAV01@AEBV01@@Z 0000000180001090 f i WebWorkerThreads.obj
 0001:00000090       ??4Set@v8@@QEAAAEAV01@AEBV01@@Z 0000000180001090 f i WebWorkerThreads.obj
 0001:00000090       ?Cast@Resolver@Promise@v8@@SAPEAV123@PEAVValue@3@@Z 0000000180001090 f i WebWorkerThreads.obj
 0001:00000090       ??4NativeWeakMap@v8@@QEAAAEAV01@AEBV01@@Z 0000000180001090 f i WebWorkerThreads.obj
 0001:00000090       ??4StringObject@v8@@QEAAAEAV01@AEBV01@@Z 0000000180001090 f i WebWorkerThreads.obj
 0001:00000090       ??4PersistentHandleVisitor@v8@@QEAAAEAV01@AEBV01@@Z 0000000180001090 f i WebWorkerThreads.obj
 0001:00000090       ?Cast@Float32Array@v8@@SAPEAV12@PEAVValue@2@@Z 0000000180001090 f i WebWorkerThreads.obj
 0001:00000090       ??4Integer@v8@@QEAAAEAV01@AEBV01@@Z 0000000180001090 f i WebWorkerThreads.obj
 0001:00000090       ??4Template@v8@@QEAAAEAV01@AEBV01@@Z 0000000180001090 f i WebWorkerThreads.obj
 0001:00000090       ??4Map@v8@@QEAAAEAV01@AEBV01@@Z 0000000180001090 f i WebWorkerThreads.obj
 0001:00000090       ??4TypedArray@v8@@QEAAAEAV01@AEBV01@@Z 0000000180001090 f i WebWorkerThreads.obj
 0001:00000090       ??4UnboundScript@v8@@QEAAAEAV01@AEBV01@@Z 0000000180001090 f i WebWorkerThreads.obj
 0001:00000090       ??4Uint32Array@v8@@QEAAAEAV01@AEBV01@@Z 0000000180001090 f i WebWorkerThreads.obj
 0001:00000090       ?Cast@Float64Array@v8@@SAPEAV12@PEAVValue@2@@Z 0000000180001090 f i WebWorkerThreads.obj
 0001:00000090       ?Cast@String@v8@@SAPEAV12@PEAVValue@2@@Z 0000000180001090 f i WebWorkerThreads.obj
 0001:00000090       ?Cast@Int16Array@v8@@SAPEAV12@PEAVValue@2@@Z 0000000180001090 f i WebWorkerThreads.obj
 0001:00000090       ??4Object@v8@@QEAAAEAV01@AEBV01@@Z 0000000180001090 f i WebWorkerThreads.obj
 0001:00000090       ?Cast@ArrayBuffer@v8@@SAPEAV12@PEAVValue@2@@Z 0000000180001090 f i WebWorkerThreads.obj
 0001:00000090       ?Cast@Symbol@v8@@SAPEAV12@PEAVValue@2@@Z 0000000180001090 f i WebWorkerThreads.obj
 0001:00000090       ??4Number@v8@@QEAAAEAV01@AEBV01@@Z 0000000180001090 f i WebWorkerThreads.obj
 0001:00000090       ?Cast@SharedArrayBuffer@v8@@SAPEAV12@PEAVValue@2@@Z 0000000180001090 f i WebWorkerThreads.obj
 0001:00000090       ?Cast@Int32@v8@@SAPEAV12@PEAVValue@2@@Z 0000000180001090 f i WebWorkerThreads.obj
 0001:00000090       ??4Float32Array@v8@@QEAAAEAV01@AEBV01@@Z 0000000180001090 f i WebWorkerThreads.obj
 0001:00000090       ??0HandleScope@v8@@IEAA@XZ 0000000180001090 f i WebWorkerThreads.obj
 0001:00000090       ??4Resolver@Promise@v8@@QEAAAEAV012@AEBV012@@Z 0000000180001090 f i WebWorkerThreads.obj
 0001:00000090       ?Cast@Uint8Array@v8@@SAPEAV12@PEAVValue@2@@Z 0000000180001090 f i WebWorkerThreads.obj
 0001:00000090       ?Cast@BooleanObject@v8@@SAPEAV12@PEAVValue@2@@Z 0000000180001090 f i WebWorkerThreads.obj
 0001:00000090       ?Cast@SymbolObject@v8@@SAPEAV12@PEAVValue@2@@Z 0000000180001090 f i WebWorkerThreads.obj
 0001:00000090       ??4Boolean@v8@@QEAAAEAV01@AEBV01@@Z 0000000180001090 f i WebWorkerThreads.obj
 0001:00000090       ??4DataView@v8@@QEAAAEAV01@AEBV01@@Z 0000000180001090 f i WebWorkerThreads.obj
 0001:00000090       ?Cast@Map@v8@@SAPEAV12@PEAVValue@2@@Z 0000000180001090 f i WebWorkerThreads.obj
 0001:00000090       ??4Function@v8@@QEAAAEAV01@AEBV01@@Z 0000000180001090 f i WebWorkerThreads.obj
 0001:00000090       ??4Array@v8@@QEAAAEAV01@AEBV01@@Z 0000000180001090 f i WebWorkerThreads.obj
 0001:00000090       ??4Primitive@v8@@QEAAAEAV01@AEBV01@@Z 0000000180001090 f i WebWorkerThreads.obj
 0001:00000090       ??4ScriptCompiler@v8@@QEAAAEAV01@AEBV01@@Z 0000000180001090 f i WebWorkerThreads.obj
 0001:00000090       ??4Signature@v8@@QEAAAEAV01@AEBV01@@Z 0000000180001090 f i WebWorkerThreads.obj
 0001:00000090       ??4AccessorSignature@v8@@QEAAAEAV01@AEBV01@@Z 0000000180001090 f i WebWorkerThreads.obj
 0001:00000090       ?Cast@RegExp@v8@@SAPEAV12@PEAVValue@2@@Z 0000000180001090 f i WebWorkerThreads.obj
 0001:00000090       ?Cast@NumberObject@v8@@SAPEAV12@PEAVValue@2@@Z 0000000180001090 f i WebWorkerThreads.obj
 0001:00000090       ?Cast@Name@v8@@SAPEAV12@PEAVValue@2@@Z 0000000180001090 f i WebWorkerThreads.obj
 0001:00000090       ??4Message@v8@@QEAAAEAV01@AEBV01@@Z 0000000180001090 f i WebWorkerThreads.obj
 0001:00000090       ??4Uint8Array@v8@@QEAAAEAV01@AEBV01@@Z 0000000180001090 f i WebWorkerThreads.obj
 0001:00000090       ??4Symbol@v8@@QEAAAEAV01@AEBV01@@Z 0000000180001090 f i WebWorkerThreads.obj
 0001:00000090       ?Cast@Integer@v8@@SAPEAV12@PEAVValue@2@@Z 0000000180001090 f i WebWorkerThreads.obj
 0001:00000090       ??4Date@v8@@QEAAAEAV01@AEBV01@@Z 0000000180001090 f i WebWorkerThreads.obj
 0001:00000090       ??4ExternalSourceStream@ScriptCompiler@v8@@QEAAAEAV012@AEBV012@@Z 0000000180001090 f i WebWorkerThreads.obj
 0001:00000090       ?Cast@Int8Array@v8@@SAPEAV12@PEAVValue@2@@Z 0000000180001090 f i WebWorkerThreads.obj
 0001:00000090       ?Cast@DataView@v8@@SAPEAV12@PEAVValue@2@@Z 0000000180001090 f i WebWorkerThreads.obj
 0001:00000090       ?Cast@ArrayBufferView@v8@@SAPEAV12@PEAVValue@2@@Z 0000000180001090 f i WebWorkerThreads.obj
 0001:00000090       ?Cast@Boolean@v8@@SAPEAV12@PEAVValue@2@@Z 0000000180001090 f i WebWorkerThreads.obj
 0001:00000090       ?Cast@Function@v8@@SAPEAV12@PEAVValue@2@@Z 0000000180001090 f i WebWorkerThreads.obj
 0001:00000090       ?Cast@StringObject@v8@@SAPEAV12@PEAVValue@2@@Z 0000000180001090 f i WebWorkerThreads.obj
 0001:00000090       ??4ObjectTemplate@v8@@QEAAAEAV01@AEBV01@@Z 0000000180001090 f i WebWorkerThreads.obj
 0001:00000090       ?Cast@Number@v8@@SAPEAV12@PEAVValue@2@@Z 0000000180001090 f i WebWorkerThreads.obj
 0001:00000090       ??4Uint8ClampedArray@v8@@QEAAAEAV01@AEBV01@@Z 0000000180001090 f i WebWorkerThreads.obj
 0001:00000090       ??4External@v8@@QEAAAEAV01@AEBV01@@Z 0000000180001090 f i WebWorkerThreads.obj
 0001:00000090       ?Cast@External@v8@@SAPEAV12@PEAVValue@2@@Z 0000000180001090 f i WebWorkerThreads.obj
 0001:00000090       ??4Data@v8@@QEAAAEAV01@AEBV01@@Z 0000000180001090 f i WebWorkerThreads.obj
 0001:00000090       ??4Int32Array@v8@@QEAAAEAV01@AEBV01@@Z 0000000180001090 f i WebWorkerThreads.obj
 0001:00000090       ??4SharedArrayBuffer@v8@@QEAAAEAV01@AEBV01@@Z 0000000180001090 f i WebWorkerThreads.obj
 0001:00000090       ??4Int8Array@v8@@QEAAAEAV01@AEBV01@@Z 0000000180001090 f i WebWorkerThreads.obj
 0001:000000a0       ??1EscapableHandleScope@v8@@QEAA@XZ 00000001800010a0 f i WebWorkerThreads.obj
 0001:000000b0       ?GetId@Script@v8@@QEAAHXZ  00000001800010b0 f i WebWorkerThreads.obj
 0001:000000d0       ??0CachedData@ScriptCompiler@v8@@QEAA@XZ 00000001800010d0 f i WebWorkerThreads.obj
 0001:000000f0       ??1ExternalSourceStream@ScriptCompiler@v8@@UEAA@XZ 00000001800010f0 f i WebWorkerThreads.obj
 0001:00000100       ??0ExternalSourceStream@ScriptCompiler@v8@@QEAA@XZ 0000000180001100 f i WebWorkerThreads.obj
 0001:00000100       ??0ExternalSourceStream@ScriptCompiler@v8@@QEAA@AEBV012@@Z 0000000180001100 f i WebWorkerThreads.obj
 0001:00000110       ??_EExternalSourceStream@ScriptCompiler@v8@@UEAAPEAXI@Z 0000000180001110 f i WebWorkerThreads.obj
 0001:00000190       ??1ExternalStringResourceBase@String@v8@@UEAA@XZ 0000000180001190 f i WebWorkerThreads.obj
 0001:00000190       ??1ExternalOneByteStringResource@String@v8@@UEAA@XZ 0000000180001190 f i WebWorkerThreads.obj
 0001:00000190       ??1ExternalStringResource@String@v8@@UEAA@XZ 0000000180001190 f i WebWorkerThreads.obj
 0001:00000190       ??1ExternalOneByteStringResourceImpl@v8@@UEAA@XZ 0000000180001190 f i WebWorkerThreads.obj
 0001:000001a0       ??0ExternalStringResourceBase@String@v8@@IEAA@XZ 00000001800011a0 f i WebWorkerThreads.obj
 0001:000001b0       ?Dispose@ExternalStringResourceBase@String@v8@@MEAAXXZ 00000001800011b0 f i WebWorkerThreads.obj
 0001:000001d0       ??0ExternalOneByteStringResource@String@v8@@IEAA@XZ 00000001800011d0 f i WebWorkerThreads.obj
 0001:000001d0       ??0ExternalStringResource@String@v8@@IEAA@XZ 00000001800011d0 f i WebWorkerThreads.obj
 0001:000001e0       ?max_executable_size@ResourceConstraints@v8@@QEBAHXZ 00000001800011e0 f i WebWorkerThreads.obj
 0001:000001e0       ?length@Value@String@v8@@QEBAHXZ 00000001800011e0 f i WebWorkerThreads.obj
 0001:000001e0       ?length@Utf8Value@String@v8@@QEBAHXZ 00000001800011e0 f i WebWorkerThreads.obj
 0001:000001f0       ??_EExternalStringResourceBase@String@v8@@UEAAPEAXI@Z 00000001800011f0 f i WebWorkerThreads.obj
 0001:000001f0       ??_EExternalOneByteStringResource@String@v8@@UEAAPEAXI@Z 00000001800011f0 f i WebWorkerThreads.obj
 0001:000001f0       ??_EExternalStringResource@String@v8@@UEAAPEAXI@Z 00000001800011f0 f i WebWorkerThreads.obj
 0001:00000270       ?InternalFieldCount@Object@v8@@SAHAEBV?$PersistentBase@VObject@v8@@@2@@Z 0000000180001270 f i WebWorkerThreads.obj
 0001:00000280       ?GetAlignedPointerFromInternalField@Object@v8@@SAPEAXAEBV?$PersistentBase@VObject@v8@@@2@H@Z 0000000180001280 f i WebWorkerThreads.obj
 0001:000002b0       ?NewInstance@Function@v8@@QEBA?AV?$MaybeLocal@VObject@v8@@@2@V?$Local@VContext@v8@@@2@@Z 00000001800012b0 f i WebWorkerThreads.obj
 0001:000002e0       ??1Allocator@ArrayBuffer@v8@@UEAA@XZ 00000001800012e0 f i WebWorkerThreads.obj
 0001:000002f0       ??0Contents@ArrayBuffer@v8@@QEAA@XZ 00000001800012f0 f i WebWorkerThreads.obj
 0001:000002f0       ??0Contents@SharedArrayBuffer@v8@@QEAA@XZ 00000001800012f0 f i WebWorkerThreads.obj
 0001:00000300       ?object_sub_type@HeapObjectStatistics@v8@@QEAAPEBDXZ 0000000180001300 f i WebWorkerThreads.obj
 0001:00000300       ?total_heap_size_executable@HeapStatistics@v8@@QEAA_KXZ 0000000180001300 f i WebWorkerThreads.obj
 0001:00000300       ?name@Extension@v8@@QEBAPEBDXZ 0000000180001300 f i WebWorkerThreads.obj
 0001:00000300       ?space_size@HeapSpaceStatistics@v8@@QEAA_KXZ 0000000180001300 f i WebWorkerThreads.obj
 0001:00000300       ?begin@ExtensionConfiguration@v8@@QEBAPEAPEBDXZ 0000000180001300 f i WebWorkerThreads.obj
 0001:00000300       ?ByteLength@Contents@SharedArrayBuffer@v8@@QEBA_KXZ 0000000180001300 f i WebWorkerThreads.obj
 0001:00000300       ?data@ExternalOneByteStringResourceImpl@v8@@UEBAPEBDXZ 0000000180001300 f i WebWorkerThreads.obj
 0001:00000300       ?ByteLength@Contents@ArrayBuffer@v8@@QEBA_KXZ 0000000180001300 f i WebWorkerThreads.obj
 0001:00000310       ??0Allocator@ArrayBuffer@v8@@QEAA@AEBV012@@Z 0000000180001310 f i WebWorkerThreads.obj
 0001:00000310       ??0Allocator@ArrayBuffer@v8@@QEAA@XZ 0000000180001310 f i WebWorkerThreads.obj
 0001:00000320       ??_EAllocator@ArrayBuffer@v8@@UEAAPEAXI@Z 0000000180001320 f i WebWorkerThreads.obj
 0001:000003a0       ??4Contents@SharedArrayBuffer@v8@@QEAAAEAV012@AEBV012@@Z 00000001800013a0 f i WebWorkerThreads.obj
 0001:000003a0       ??4Contents@ArrayBuffer@v8@@QEAAAEAV012@AEBV012@@Z 00000001800013a0 f i WebWorkerThreads.obj
 0001:000003a0       ??4StartupData@v8@@QEAAAEAV01@AEBV01@@Z 00000001800013a0 f i WebWorkerThreads.obj
 0001:000003b0       ?SetIndexedPropertyHandler@ObjectTemplate@v8@@QEAAXP6AXIAEBV?$PropertyCallbackInfo@VValue@v8@@@2@@ZP6AXIV?$Local@VValue@v8@@@2@0@ZP6AXIAEBV?$PropertyCallbackInfo@VInteger@v8@@@2@@ZP6AXIAEBV?$PropertyCallbackInfo@VBoolean@v8@@@2@@ZP6AXAEBV?$PropertyCallbackInfo@VArray@v8@@@2@@Z2@Z 00000001800013b0 f i WebWorkerThreads.obj
 0001:00000400       ??0ExternalOneByteStringResourceImpl@v8@@QEAA@XZ 0000000180001400 f i WebWorkerThreads.obj
 0001:00000420       ??0ExternalOneByteStringResourceImpl@v8@@QEAA@PEBD_K@Z 0000000180001420 f i WebWorkerThreads.obj
 0001:00000440       ?total_physical_size@HeapStatistics@v8@@QEAA_KXZ 0000000180001440 f i WebWorkerThreads.obj
 0001:00000440       ?length@ExternalOneByteStringResourceImpl@v8@@UEBA_KXZ 0000000180001440 f i WebWorkerThreads.obj
 0001:00000440       ?object_count@HeapObjectStatistics@v8@@QEAA_KXZ 0000000180001440 f i WebWorkerThreads.obj
 0001:00000440       ?stack_limit@ResourceConstraints@v8@@QEBAPEAIXZ 0000000180001440 f i WebWorkerThreads.obj
 0001:00000440       ?space_used_size@HeapSpaceStatistics@v8@@QEAA_KXZ 0000000180001440 f i WebWorkerThreads.obj
 0001:00000440       ?source_length@Extension@v8@@QEBA_KXZ 0000000180001440 f i WebWorkerThreads.obj
 0001:00000450       ??_EExternalOneByteStringResourceImpl@v8@@UEAAPEAXI@Z 0000000180001450 f i WebWorkerThreads.obj
 0001:000004d0       ??1Extension@v8@@UEAA@XZ   00000001800014d0 f i WebWorkerThreads.obj
 0001:000004f0       ?GetNativeFunctionTemplate@Extension@v8@@UEAA?AV?$Local@VFunctionTemplate@v8@@@2@PEAVIsolate@2@V?$Local@VString@v8@@@2@@Z 00000001800014f0 f i WebWorkerThreads.obj
 0001:00000500       ?source@Extension@v8@@QEBAPEBVExternalOneByteStringResource@String@2@XZ 0000000180001500 f i WebWorkerThreads.obj
 0001:00000510       ?dependency_count@Extension@v8@@QEAAHXZ 0000000180001510 f i WebWorkerThreads.obj
 0001:00000520       ?dependencies@Extension@v8@@QEAAPEAPEBDXZ 0000000180001520 f i WebWorkerThreads.obj
 0001:00000530       ?set_auto_enable@Extension@v8@@QEAAX_N@Z 0000000180001530 f i WebWorkerThreads.obj
 0001:00000540       ?auto_enable@Extension@v8@@QEAA_NXZ 0000000180001540 f i WebWorkerThreads.obj
 0001:00000550       ??_EExtension@v8@@UEAAPEAXI@Z 0000000180001550 f i WebWorkerThreads.obj
 0001:000005f0       ?max_semi_space_size@ResourceConstraints@v8@@QEBAHXZ 00000001800015f0 f i WebWorkerThreads.obj
 0001:00000600       ?set_max_semi_space_size@ResourceConstraints@v8@@QEAAXH@Z 0000000180001600 f i WebWorkerThreads.obj
 0001:00000610       ?max_old_space_size@ResourceConstraints@v8@@QEBAHXZ 0000000180001610 f i WebWorkerThreads.obj
 0001:00000620       ?set_max_old_space_size@ResourceConstraints@v8@@QEAAXH@Z 0000000180001620 f i WebWorkerThreads.obj
 0001:00000630       ?set_max_executable_size@ResourceConstraints@v8@@QEAAXH@Z 0000000180001630 f i WebWorkerThreads.obj
 0001:00000640       ?set_stack_limit@ResourceConstraints@v8@@QEAAXPEAI@Z 0000000180001640 f i WebWorkerThreads.obj
 0001:00000650       ?max_available_threads@ResourceConstraints@v8@@QEBAHXZ 0000000180001650 f i WebWorkerThreads.obj
 0001:00000660       ?set_max_available_threads@ResourceConstraints@v8@@QEAAXH@Z 0000000180001660 f i WebWorkerThreads.obj
 0001:00000670       ?physical_space_size@HeapSpaceStatistics@v8@@QEAA_KXZ 0000000180001670 f i WebWorkerThreads.obj
 0001:00000670       ?code_range_size@ResourceConstraints@v8@@QEBA_KXZ 0000000180001670 f i WebWorkerThreads.obj
 0001:00000670       ?used_heap_size@HeapStatistics@v8@@QEAA_KXZ 0000000180001670 f i WebWorkerThreads.obj
 0001:00000680       ?set_code_range_size@ResourceConstraints@v8@@QEAAX_K@Z 0000000180001680 f i WebWorkerThreads.obj
 0001:00000690       ??4ResourceConstraints@v8@@QEAAAEAV01@AEBV01@@Z 0000000180001690 f i WebWorkerThreads.obj
 0001:00000690       ??4HeapSpaceStatistics@v8@@QEAAAEAV01@AEBV01@@Z 0000000180001690 f i WebWorkerThreads.obj
 0001:000006b0       ?total_available_size@HeapStatistics@v8@@QEAA_KXZ 00000001800016b0 f i WebWorkerThreads.obj
 0001:000006b0       ?object_size@HeapObjectStatistics@v8@@QEAA_KXZ 00000001800016b0 f i WebWorkerThreads.obj
 0001:000006b0       ?space_available_size@HeapSpaceStatistics@v8@@QEAA_KXZ 00000001800016b0 f i WebWorkerThreads.obj
 0001:000006c0       ?heap_size_limit@HeapStatistics@v8@@QEAA_KXZ 00000001800016c0 f i WebWorkerThreads.obj
 0001:000006d0       ??4HeapStatistics@v8@@QEAAAEAV01@AEBV01@@Z 00000001800016d0 f i WebWorkerThreads.obj
 0001:000006f0       ??4HeapObjectStatistics@v8@@QEAAAEAV01@AEBV01@@Z 00000001800016f0 f i WebWorkerThreads.obj
 0001:00000710       ??1PersistentHandleVisitor@v8@@UEAA@XZ 0000000180001710 f i WebWorkerThreads.obj
 0001:00000710       ??1ExternalResourceVisitor@v8@@UEAA@XZ 0000000180001710 f i WebWorkerThreads.obj
 0001:00000720       ?VisitExternalString@ExternalResourceVisitor@v8@@UEAAXV?$Local@VString@v8@@@2@@Z 0000000180001720 f i WebWorkerThreads.obj
 0001:00000720       ?VisitPersistentHandle@PersistentHandleVisitor@v8@@UEAAXPEAV?$Persistent@VValue@v8@@V?$NonCopyablePersistentTraits@VValue@v8@@@2@@2@G@Z 0000000180001720 f i WebWorkerThreads.obj
 0001:00000730       ??0PersistentHandleVisitor@v8@@QEAA@AEBV01@@Z 0000000180001730 f i WebWorkerThreads.obj
 0001:00000730       ??0ExternalResourceVisitor@v8@@QEAA@XZ 0000000180001730 f i WebWorkerThreads.obj
 0001:00000730       ??0PersistentHandleVisitor@v8@@QEAA@XZ 0000000180001730 f i WebWorkerThreads.obj
 0001:00000730       ??0ExternalResourceVisitor@v8@@QEAA@AEBV01@@Z 0000000180001730 f i WebWorkerThreads.obj
 0001:00000740       ??_EExternalResourceVisitor@v8@@UEAAPEAXI@Z 0000000180001740 f i WebWorkerThreads.obj
 0001:00000740       ??_EPersistentHandleVisitor@v8@@UEAAPEAXI@Z 0000000180001740 f i WebWorkerThreads.obj
 0001:000007c0       ??0Scope@Isolate@v8@@QEAA@PEAV12@@Z 00000001800017c0 f i WebWorkerThreads.obj
 0001:000007e0       ??1Scope@Isolate@v8@@QEAA@XZ 00000001800017e0 f i WebWorkerThreads.obj
 0001:000007f0       ?JSStackComparableAddress@TryCatch@v8@@SAPEAXPEAV12@@Z 00000001800017f0 f i WebWorkerThreads.obj
 0001:00000800       ??0ExtensionConfiguration@v8@@QEAA@XZ 0000000180001800 f i WebWorkerThreads.obj
 0001:00000810       ??0ExtensionConfiguration@v8@@QEAA@HQEAPEBD@Z 0000000180001810 f i WebWorkerThreads.obj
 0001:00000820       ?end@ExtensionConfiguration@v8@@QEBAPEAPEBDXZ 0000000180001820 f i WebWorkerThreads.obj
 0001:00000830       ??0Unlocker@v8@@QEAA@PEAVIsolate@1@@Z 0000000180001830 f i WebWorkerThreads.obj
 0001:00000850       ??4Unlocker@v8@@QEAAAEAV01@AEBV01@@Z 0000000180001850 f i WebWorkerThreads.obj
 0001:00000860       ??0Locker@v8@@QEAA@PEAVIsolate@1@@Z 0000000180001860 f i WebWorkerThreads.obj
 0001:00000880       ?New@Boolean@v8@@SA?AV?$Local@VBoolean@v8@@@2@PEAVIsolate@2@_N@Z 0000000180001880 f i WebWorkerThreads.obj
 0001:000008b0       ?Set@Template@v8@@QEAAXPEAVIsolate@2@PEBDV?$Local@VData@v8@@@2@@Z 00000001800018b0 f i WebWorkerThreads.obj
 0001:00000910       ?GetInternalField@Object@v8@@QEAA?AV?$Local@VValue@v8@@@2@H@Z 0000000180001910 f i WebWorkerThreads.obj
 0001:00000960       ?GetAlignedPointerFromInternalField@Object@v8@@QEAAPEAXH@Z 0000000180001960 f i WebWorkerThreads.obj
 0001:00000980       ?Empty@String@v8@@SA?AV?$Local@VString@v8@@@2@PEAVIsolate@2@@Z 0000000180001980 f i WebWorkerThreads.obj
 0001:00000990       ?GetExternalStringResource@String@v8@@QEBAPEAVExternalStringResource@12@XZ 0000000180001990 f i WebWorkerThreads.obj
 0001:000009b0       ?GetExternalStringResourceBase@String@v8@@QEBAPEAVExternalStringResourceBase@12@PEAW4Encoding@12@@Z 00000001800019b0 f i WebWorkerThreads.obj
 0001:000009e0       ?IsUndefined@Value@v8@@QEBA_NXZ 00000001800019e0 f i WebWorkerThreads.obj
 0001:00000a10       ?QuickIsUndefined@Value@v8@@AEBA_NXZ 0000000180001a10 f i WebWorkerThreads.obj
 0001:00000a40       ?IsNull@Value@v8@@QEBA_NXZ 0000000180001a40 f i WebWorkerThreads.obj
 0001:00000a70       ?QuickIsNull@Value@v8@@AEBA_NXZ 0000000180001a70 f i WebWorkerThreads.obj
 0001:00000aa0       ?IsString@Value@v8@@QEBA_NXZ 0000000180001aa0 f i WebWorkerThreads.obj
 0001:00000ad0       ?QuickIsString@Value@v8@@AEBA_NXZ 0000000180001ad0 f i WebWorkerThreads.obj
 0001:00000b00       ?ToBoolean@Value@v8@@QEBA?AV?$Local@VBoolean@v8@@@2@XZ 0000000180001b00 f i WebWorkerThreads.obj
 0001:00000b70       ?ToNumber@Value@v8@@QEBA?AV?$Local@VNumber@v8@@@2@XZ 0000000180001b70 f i WebWorkerThreads.obj
 0001:00000be0       ?ToString@Value@v8@@QEBA?AV?$Local@VString@v8@@@2@XZ 0000000180001be0 f i WebWorkerThreads.obj
 0001:00000c50       ?ToDetailString@Value@v8@@QEBA?AV?$Local@VString@v8@@@2@XZ 0000000180001c50 f i WebWorkerThreads.obj
 0001:00000cc0       ?ToObject@Value@v8@@QEBA?AV?$Local@VObject@v8@@@2@XZ 0000000180001cc0 f i WebWorkerThreads.obj
 0001:00000d30       ?ToInteger@Value@v8@@QEBA?AV?$Local@VInteger@v8@@@2@XZ 0000000180001d30 f i WebWorkerThreads.obj
 0001:00000da0       ?ToUint32@Value@v8@@QEBA?AV?$Local@VUint32@v8@@@2@XZ 0000000180001da0 f i WebWorkerThreads.obj
 0001:00000e10       ?ToInt32@Value@v8@@QEBA?AV?$Local@VInt32@v8@@@2@XZ 0000000180001e10 f i WebWorkerThreads.obj
 0001:00000e80       ?SetData@Isolate@v8@@QEAAXIPEAX@Z 0000000180001e80 f i WebWorkerThreads.obj
 0001:00000e90       ?GetData@Isolate@v8@@QEAAPEAXI@Z 0000000180001e90 f i WebWorkerThreads.obj
 0001:00000ea0       ?GetNumberOfDataSlots@Isolate@v8@@SAIXZ 0000000180001ea0 f i WebWorkerThreads.obj
 0001:00000eb0       ?AdjustAmountOfExternalAllocatedMemory@Isolate@v8@@QEAA_J_J@Z 0000000180001eb0 f i WebWorkerThreads.obj
 0001:00000f10       ?GetEmbedderData@Context@v8@@QEAA?AV?$Local@VValue@v8@@@2@H@Z 0000000180001f10 f i WebWorkerThreads.obj
 0001:00000f40       ?GetAlignedPointerFromEmbedderData@Context@v8@@QEAAPEAXH@Z 0000000180001f40 f i WebWorkerThreads.obj
 0001:00000f60       ?SetAllowCodeGenerationFromStringsCallback@V8@v8@@SAXP6A_NV?$Local@VContext@v8@@@2@@Z@Z 0000000180001f60 f i WebWorkerThreads.obj
 0001:00000f90       ?IsDead@V8@v8@@SA_NXZ      0000000180001f90 f i WebWorkerThreads.obj
 0001:00000fb0       ?AddMessageListener@V8@v8@@SA_NP6AXV?$Local@VMessage@v8@@@2@V?$Local@VValue@v8@@@2@@Z1@Z 0000000180001fb0 f i WebWorkerThreads.obj
 0001:00000fe0       ?RemoveMessageListeners@V8@v8@@SAXP6AXV?$Local@VMessage@v8@@@2@V?$Local@VValue@v8@@@2@@Z@Z 0000000180001fe0 f i WebWorkerThreads.obj
 0001:00001010       ?SetFailedAccessCheckCallbackFunction@V8@v8@@SAXP6AXV?$Local@VObject@v8@@@2@W4AccessType@2@V?$Local@VValue@v8@@@2@@Z@Z 0000000180002010 f i WebWorkerThreads.obj
 0001:00001040       ?SetCaptureStackTraceForUncaughtExceptions@V8@v8@@SAX_NHW4StackTraceOptions@StackTrace@2@@Z 0000000180002040 f i WebWorkerThreads.obj
 0001:00001080       ?SetFatalErrorHandler@V8@v8@@SAXP6AXPEBD0@Z@Z 0000000180002080 f i WebWorkerThreads.obj
 0001:000010b0       ?RemoveGCPrologueCallback@V8@v8@@SAXP6AXW4GCType@2@W4GCCallbackFlags@2@@Z@Z 00000001800020b0 f i WebWorkerThreads.obj
 0001:000010e0       ?RemoveGCEpilogueCallback@V8@v8@@SAXP6AXW4GCType@2@W4GCCallbackFlags@2@@Z@Z 00000001800020e0 f i WebWorkerThreads.obj
 0001:00001110       ?AddMemoryAllocationCallback@V8@v8@@SAXP6AXW4ObjectSpace@2@W4AllocationAction@2@H@Z01@Z 0000000180002110 f i WebWorkerThreads.obj
 0001:00001150       ?RemoveMemoryAllocationCallback@V8@v8@@SAXP6AXW4ObjectSpace@2@W4AllocationAction@2@H@Z@Z 0000000180002150 f i WebWorkerThreads.obj
 0001:00001180       ?TerminateExecution@V8@v8@@SAXPEAVIsolate@2@@Z 0000000180002180 f i WebWorkerThreads.obj
 0001:00001190       ?IsExecutionTerminating@V8@v8@@SA_NPEAVIsolate@2@@Z 0000000180002190 f i WebWorkerThreads.obj
 0001:000011b0       ?CancelTerminateExecution@V8@v8@@SAXPEAVIsolate@2@@Z 00000001800021b0 f i WebWorkerThreads.obj
 0001:000011c0       ?VisitExternalResources@V8@v8@@SAXPEAVExternalResourceVisitor@2@@Z 00000001800021c0 f i WebWorkerThreads.obj
 0001:000011f0       ?VisitHandlesWithClassIds@V8@v8@@SAXPEAVPersistentHandleVisitor@2@@Z 00000001800021f0 f i WebWorkerThreads.obj
 0001:00001220       ?VisitHandlesWithClassIds@V8@v8@@SAXPEAVIsolate@2@PEAVPersistentHandleVisitor@2@@Z 0000000180002220 f i WebWorkerThreads.obj
 0001:00001230       ?VisitHandlesForPartialDependence@V8@v8@@SAXPEAVIsolate@2@PEAVPersistentHandleVisitor@2@@Z 0000000180002230 f i WebWorkerThreads.obj
 0001:00001240       ?Ref@ObjectWrap@node@@MEAAXXZ 0000000180002240 f i WebWorkerThreads.obj
 0001:00001280       ?Unref@ObjectWrap@node@@MEAAXXZ 0000000180002280 f i WebWorkerThreads.obj
 0001:00001330       ?WeakCallback@ObjectWrap@node@@CAXAEBV?$WeakCallbackData@VObject@v8@@VObjectWrap@node@@@v8@@@Z 0000000180002330 f i WebWorkerThreads.obj
 0001:00001440       ??_GObjectWrap@node@@UEAAPEAXI@Z 0000000180002440 f i WebWorkerThreads.obj
 0001:00001440       ??_EObjectWrap@node@@UEAAPEAXI@Z 0000000180002440 f i * CIL library *:* CIL module *
 0001:00001440       ??_EBSON@@UEAAPEAXI@Z      0000000180002440 f i * CIL library *:* CIL module *
 0001:00001440       ??_GBSON@@UEAAPEAXI@Z      0000000180002440 f i WebWorkerThreads.obj
 0001:00001580       ?New@?$Factory@VFunctionTemplate@v8@@@imp@Nan@@SA?AV?$Local@VFunctionTemplate@v8@@@v8@@P6AXAEBV?$FunctionCallbackInfo@VValue@v8@@@3@@ZV?$Local@VValue@v8@@@5@V?$Local@VSignature@v8@@@5@@Z 0000000180002580 f i WebWorkerThreads.obj
 0001:00001890       ?WriteObjectId@DataStream@@QEAAXAEBV?$Local@VObject@v8@@@v8@@AEBV?$Local@VString@v8@@@3@@Z 0000000180002890 f   WebWorkerThreads.obj
 0001:000019b0       ?ThrowAllocatedStringException@@YAX_KPEBDZZ 00000001800029b0 f   WebWorkerThreads.obj
 0001:00001a00       ?CheckKey@DataStream@@QEAAXAEBV?$Local@VString@v8@@@v8@@@Z 0000000180002a00 f   WebWorkerThreads.obj
 0001:00001b10       ?ReadCString@BSONDeserializer@@QEAA?AV?$Local@VValue@v8@@@v8@@XZ 0000000180002b10 f   WebWorkerThreads.obj
 0001:00001bc0       ?ReadObjectId@BSONDeserializer@@QEAA?AV?$Local@VString@v8@@@v8@@XZ 0000000180002bc0 f   WebWorkerThreads.obj
 0001:00001cb0       ?DeserializeDocument@BSONDeserializer@@QEAA?AV?$Local@VValue@v8@@@v8@@_N@Z 0000000180002cb0 f   WebWorkerThreads.obj
 0001:00001d50       ?DeserializeDocumentInternal@BSONDeserializer@@AEAA?AV?$Local@VValue@v8@@@v8@@_N@Z 0000000180002d50 f   WebWorkerThreads.obj
 0001:00002000       ?DeserializeArray@BSONDeserializer@@AEAA?AV?$Local@VValue@v8@@@v8@@_N@Z 0000000180003000 f   WebWorkerThreads.obj
 0001:000020a0       ?DeserializeArrayInternal@BSONDeserializer@@AEAA?AV?$Local@VValue@v8@@@v8@@_N@Z 00000001800030a0 f   WebWorkerThreads.obj
 0001:000021a0       ?DeserializeValue@BSONDeserializer@@AEAA?AV?$Local@VValue@v8@@@v8@@W4BsonType@@_N@Z 00000001800031a0 f   WebWorkerThreads.obj
 0001:00002b50       ??0BSON@@QEAA@XZ           0000000180003b50 f   WebWorkerThreads.obj
 0001:000038e0       ?GetSerializeObject@BSON@@QEAA?AV?$Local@VObject@v8@@@v8@@AEBV?$Local@VValue@v8@@@3@@Z 00000001800048e0 f   WebWorkerThreads.obj
 0001:00003c20       ?readFileSync_@@YAXAEBV?$FunctionCallbackInfo@VValue@v8@@@Nan@@@Z 0000000180004c20 f   WebWorkerThreads.obj
 0001:00004270       ?console_log@@YAXAEBV?$FunctionCallbackInfo@VValue@v8@@@Nan@@@Z 0000000180005270 f   WebWorkerThreads.obj
 0001:00004370       ?console_error@@YAXAEBV?$FunctionCallbackInfo@VValue@v8@@@Nan@@@Z 0000000180005370 f   WebWorkerThreads.obj
 0001:00004470       ?Allocate@ArrayBufferAllocator@@UEAAPEAX_K@Z 0000000180005470 f i WebWorkerThreads.obj
 0001:000044c0       ?AllocateUninitialized@ArrayBufferAllocator@@UEAAPEAX_K@Z 00000001800054c0 f i WebWorkerThreads.obj
 0001:000044d0       ?Free@ArrayBufferAllocator@@UEAAXPEAX_K@Z 00000001800054d0 f i WebWorkerThreads.obj
 0001:00004620       ?Puts@@YAXAEBV?$FunctionCallbackInfo@VValue@v8@@@Nan@@@Z 0000000180005620 f   WebWorkerThreads.obj
 0001:000046f0       ?Print@@YAXAEBV?$FunctionCallbackInfo@VValue@v8@@@Nan@@@Z 00000001800056f0 f   WebWorkerThreads.obj
 0001:000048b0       ??_GArrayBufferAllocator@@UEAAPEAXI@Z 00000001800058b0 f i WebWorkerThreads.obj
 0001:000048b0       ??_EArrayBufferAllocator@@UEAAPEAXI@Z 00000001800058b0 f i * CIL library *:* CIL module *
 0001:00006600       ?Destroy@@YAXAEBV?$FunctionCallbackInfo@VValue@v8@@@Nan@@@Z 0000000180007600 f   WebWorkerThreads.obj
 0001:000067a0       ?Eval@@YAXAEBV?$FunctionCallbackInfo@VValue@v8@@@Nan@@@Z 00000001800077a0 f   WebWorkerThreads.obj
 0001:00006b70       ?Load@@YAXAEBV?$FunctionCallbackInfo@VValue@v8@@@Nan@@@Z 0000000180007b70 f   WebWorkerThreads.obj
 0001:00006e70       ?processEmit@@YAXAEBV?$FunctionCallbackInfo@VValue@v8@@@Nan@@@Z 0000000180007e70 f   WebWorkerThreads.obj
 0001:000070d0       ?processEmitSerialized@@YAXAEBV?$FunctionCallbackInfo@VValue@v8@@@Nan@@@Z 00000001800080d0 f   WebWorkerThreads.obj
 0001:000073e0       ?postMessage@@YAXAEBV?$FunctionCallbackInfo@VValue@v8@@@Nan@@@Z 00000001800083e0 f   WebWorkerThreads.obj
 0001:00007650       ?postError@@YAXAEBV?$FunctionCallbackInfo@VValue@v8@@@Nan@@@Z 0000000180008650 f   WebWorkerThreads.obj
 0001:000078c0       ?threadEmit@@YAXAEBV?$FunctionCallbackInfo@VValue@v8@@@Nan@@@Z 00000001800088c0 f   WebWorkerThreads.obj
 0001:00007aa0       ?Create@@YAXAEBV?$FunctionCallbackInfo@VValue@v8@@@Nan@@@Z 0000000180008aa0 f   WebWorkerThreads.obj
 0001:00007f10       ?Init@@YAXV?$Local@VObject@v8@@@v8@@V?$Local@VValue@v8@@@2@PEAX@Z 0000000180008f10 f   WebWorkerThreads.obj
 0001:00008660       ??$New@VInt32@v8@@H@Nan@@YA?AV?$Local@VInt32@v8@@@v8@@H@Z 0000000180009660 f i WebWorkerThreads.obj
 0001:000086e0       ??$New@VUint32@v8@@I@Nan@@YA?AV?$Local@VUint32@v8@@@v8@@I@Z 00000001800096e0 f i WebWorkerThreads.obj
 0001:00008760       ??$New@VInteger@v8@@H@Nan@@YA?AV?$Local@VInteger@v8@@@v8@@H@Z 0000000180009760 f i WebWorkerThreads.obj
 0001:000087e0       ?SerializeDocument@?$BSONSerializer@VCountStream@@@@QEAAXAEBV?$Local@VValue@v8@@@v8@@@Z 00000001800097e0 f i WebWorkerThreads.obj
 0001:00008910       ?SerializeDocument@?$BSONSerializer@VDataStream@@@@QEAAXAEBV?$Local@VValue@v8@@@v8@@@Z 0000000180009910 f i WebWorkerThreads.obj
 0001:00008ab0       ?SerializeValue@?$BSONSerializer@VCountStream@@@@QEAAXPEAXAEBV?$Local@VValue@v8@@@v8@@@Z 0000000180009ab0 f i WebWorkerThreads.obj
 0001:000096e0       ?SerializeValue@?$BSONSerializer@VDataStream@@@@QEAAXPEAXAEBV?$Local@VValue@v8@@@v8@@@Z 000000018000a6e0 f i WebWorkerThreads.obj
 0001:0000a550       ?SerializeArray@?$BSONSerializer@VCountStream@@@@QEAAXAEBV?$Local@VValue@v8@@@v8@@@Z 000000018000b550 f i WebWorkerThreads.obj
 0001:0000a640       ?SerializeArray@?$BSONSerializer@VDataStream@@@@QEAAXAEBV?$Local@VValue@v8@@@v8@@@Z 000000018000b640 f i WebWorkerThreads.obj
 0001:0000a77c       __imp_load_?FatalException@node@@YAXPEAVIsolate@v8@@AEBVTryCatch@3@@Z 000000018000b77c f   node:node.exe
 0001:0000a788       __tailMerge_node_exe       000000018000b788 f i node:node.exe
 0001:0000a801       __imp_load_?Length@Buffer@node@@YA_KV?$Local@VObject@v8@@@v8@@@Z 000000018000b801 f   node:node.exe
 0001:0000a80d       __imp_load_?Data@Buffer@node@@YAPEADV?$Local@VObject@v8@@@v8@@@Z 000000018000b80d f   node:node.exe
 0001:0000a819       __imp_load_?HasInstance@Buffer@node@@YA_NV?$Local@VValue@v8@@@v8@@@Z 000000018000b819 f   node:node.exe
 0001:0000a825       __imp_load_?New@Buffer@node@@YA?AV?$MaybeLocal@VObject@v8@@@v8@@PEAVIsolate@4@PEAD_K@Z 000000018000b825 f   node:node.exe
 0001:0000a831       __imp_load_node_module_register 000000018000b831 f   node:node.exe
 0001:0000a83d       __imp_load_uv_default_loop 000000018000b83d f   node:node.exe
 0001:0000a849       __imp_load_uv_unref        000000018000b849 f   node:node.exe
 0001:0000a855       __imp_load_uv_cond_wait    000000018000b855 f   node:node.exe
 0001:0000a861       __imp_load_?Reset@TryCatch@v8@@QEAAXXZ 000000018000b861 f   node:node.exe
 0001:0000a86d       __imp_load_?Message@TryCatch@v8@@QEBA?AV?$Local@VMessage@v8@@@2@XZ 000000018000b86d f   node:node.exe
 0001:0000a879       __imp_load_?StackTrace@TryCatch@v8@@QEBA?AV?$Local@VValue@v8@@@2@XZ 000000018000b879 f   node:node.exe
 0001:0000a885       __imp_load_?Exception@TryCatch@v8@@QEBA?AV?$Local@VValue@v8@@@2@XZ 000000018000b885 f   node:node.exe
 0001:0000a891       __imp_load_?HasCaught@TryCatch@v8@@QEBA_NXZ 000000018000b891 f   node:node.exe
 0001:0000a89d       __imp_load_??1TryCatch@v8@@QEAA@XZ 000000018000b89d f   node:node.exe
 0001:0000a8a9       __imp_load_??0TryCatch@v8@@QEAA@XZ 000000018000b8a9 f   node:node.exe
 0001:0000a8b5       __imp_load_?Initialize@Locker@v8@@AEAAXPEAVIsolate@2@@Z 000000018000b8b5 f   node:node.exe
 0001:0000a8c1       __imp_load_?IsActive@Locker@v8@@SA_NXZ 000000018000b8c1 f   node:node.exe
 0001:0000a8cd       __imp_load_??1Locker@v8@@QEAA@XZ 000000018000b8cd f   node:node.exe
 0001:0000a8d9       __imp_load_?GetEndColumn@Message@v8@@QEBAHXZ 000000018000b8d9 f   node:node.exe
 0001:0000a8e5       __imp_load_?GetStartColumn@Message@v8@@QEBAHXZ 000000018000b8e5 f   node:node.exe
 0001:0000a8f1       __imp_load_?GetLineNumber@Message@v8@@QEBAHXZ 000000018000b8f1 f   node:node.exe
 0001:0000a8fd       __imp_load_?GetScriptResourceName@Message@v8@@QEBA?AV?$Local@VValue@v8@@@2@XZ 000000018000b8fd f   node:node.exe
 0001:0000a909       __imp_load_?GetSourceLine@Message@v8@@QEBA?AV?$Local@VString@v8@@@2@XZ 000000018000b909 f   node:node.exe
 0001:0000a915       __imp_load_?GetId@UnboundScript@v8@@QEAAHXZ 000000018000b915 f   node:node.exe
 0001:0000a921       __imp_load_?Enter@Context@v8@@QEAAXXZ 000000018000b921 f   node:node.exe
 0001:0000a92d       __imp_load_?New@Context@v8@@SA?AV?$Local@VContext@v8@@@2@PEAVIsolate@2@PEAVExtensionConfiguration@2@V?$Local@VObjectTemplate@v8@@@2@V?$Local@VValue@v8@@@2@@Z 000000018000b92d f   node:node.exe
 0001:0000a939       __imp_load_?Global@Context@v8@@QEAA?AV?$Local@VObject@v8@@@2@XZ 000000018000b939 f   node:node.exe
 0001:0000a945       __imp_load_?New@Date@v8@@SA?AV?$MaybeLocal@VValue@v8@@@2@V?$Local@VContext@v8@@@2@N@Z 000000018000b945 f   node:node.exe
 0001:0000a951       __imp_load_?GetUnboundScript@Script@v8@@QEAA?AV?$Local@VUnboundScript@v8@@@2@XZ 000000018000b951 f   node:node.exe
 0001:0000a95d       __imp_load_?Run@Script@v8@@QEAA?AV?$Local@VValue@v8@@@2@XZ 000000018000b95d f   node:node.exe
 0001:0000a969       __imp_load_?Run@Script@v8@@QEAA?AV?$MaybeLocal@VValue@v8@@@2@V?$Local@VContext@v8@@@2@@Z 000000018000b969 f   node:node.exe
 0001:0000a975       __imp_load_?Compile@Script@v8@@SA?AV?$Local@VScript@v8@@@2@V?$Local@VString@v8@@@2@PEAVScriptOrigin@2@@Z 000000018000b975 f   node:node.exe
 0001:0000a981       __imp_load_?ToLocalEmpty@V8@v8@@CAXXZ 000000018000b981 f   node:node.exe
 0001:0000a98d       __imp_load_?ClearWeak@V8@v8@@CAPEAXPEAPEAVObject@internal@2@@Z 000000018000b98d f   node:node.exe
 0001:0000a999       __imp_load_?MakeWeak@V8@v8@@CAXPEAPEAVObject@internal@2@PEAXP6AXAEBV?$WeakCallbackData@VValue@v8@@X@2@@Z@Z 000000018000b999 f   node:node.exe
 0001:0000a9a5       __imp_load_?DisposeGlobal@V8@v8@@CAXPEAPEAVObject@internal@2@@Z 000000018000b9a5 f   node:node.exe
 0001:0000a9b1       __imp_load_?GlobalizeReference@V8@v8@@CAPEAPEAVObject@internal@2@PEAVIsolate@42@PEAPEAV342@@Z 000000018000b9b1 f   node:node.exe
 0001:0000a9bd       __imp_load_?Escape@EscapableHandleScope@v8@@AEAAPEAPEAVObject@internal@2@PEAPEAV342@@Z 000000018000b9bd f   node:node.exe
 0001:0000a9c9       __imp_load_??0EscapableHandleScope@v8@@QEAA@PEAVIsolate@1@@Z 000000018000b9c9 f   node:node.exe
 0001:0000a9d5       __imp_load_?StrictEquals@Value@v8@@QEBA_NV?$Local@VValue@v8@@@2@@Z 000000018000b9d5 f   node:node.exe
 0001:0000a9e1       __imp_load_?Int32Value@Value@v8@@QEBAHXZ 000000018000b9e1 f   node:node.exe
 0001:0000a9ed       __imp_load_?Uint32Value@Value@v8@@QEBAIXZ 000000018000b9ed f   node:node.exe
 0001:0000a9f9       __imp_load_?IntegerValue@Value@v8@@QEBA_JXZ 000000018000b9f9 f   node:node.exe
 0001:0000aa05       __imp_load_?NumberValue@Value@v8@@QEBANXZ 000000018000ba05 f   node:node.exe
 0001:0000aa11       __imp_load_?BooleanValue@Value@v8@@QEBA_NXZ 000000018000ba11 f   node:node.exe
 0001:0000aa1d       __imp_load_?ToInt32@Value@v8@@QEBA?AV?$MaybeLocal@VInt32@v8@@@2@V?$Local@VContext@v8@@@2@@Z 000000018000ba1d f   node:node.exe
 0001:0000aa29       __imp_load_?ToUint32@Value@v8@@QEBA?AV?$MaybeLocal@VUint32@v8@@@2@V?$Local@VContext@v8@@@2@@Z 000000018000ba29 f   node:node.exe
 0001:0000aa35       __imp_load_?ToInteger@Value@v8@@QEBA?AV?$MaybeLocal@VInteger@v8@@@2@V?$Local@VContext@v8@@@2@@Z 000000018000ba35 f   node:node.exe
 0001:0000aa41       __imp_load_?ToObject@Value@v8@@QEBA?AV?$MaybeLocal@VObject@v8@@@2@V?$Local@VContext@v8@@@2@@Z 000000018000ba41 f   node:node.exe
 0001:0000aa4d       __imp_load_?ToDetailString@Value@v8@@QEBA?AV?$MaybeLocal@VString@v8@@@2@V?$Local@VContext@v8@@@2@@Z 000000018000ba4d f   node:node.exe
 0001:0000aa59       __imp_load_?ToString@Value@v8@@QEBA?AV?$MaybeLocal@VString@v8@@@2@V?$Local@VContext@v8@@@2@@Z 000000018000ba59 f   node:node.exe
 0001:0000aa65       __imp_load_?ToNumber@Value@v8@@QEBA?AV?$MaybeLocal@VNumber@v8@@@2@V?$Local@VContext@v8@@@2@@Z 000000018000ba65 f   node:node.exe
 0001:0000aa71       __imp_load_?ToBoolean@Value@v8@@QEBA?AV?$MaybeLocal@VBoolean@v8@@@2@V?$Local@VContext@v8@@@2@@Z 000000018000ba71 f   node:node.exe
 0001:0000aa7d       __imp_load_?IsRegExp@Value@v8@@QEBA_NXZ 000000018000ba7d f   node:node.exe
 0001:0000aa89       __imp_load_?IsDate@Value@v8@@QEBA_NXZ 000000018000ba89 f   node:node.exe
 0001:0000aa95       __imp_load_?IsNumber@Value@v8@@QEBA_NXZ 000000018000ba95 f   node:node.exe
 0001:0000aaa1       __imp_load_?IsBoolean@Value@v8@@QEBA_NXZ 000000018000baa1 f   node:node.exe
 0001:0000aaad       __imp_load_?IsObject@Value@v8@@QEBA_NXZ 000000018000baad f   node:node.exe
 0001:0000aab9       __imp_load_?IsArray@Value@v8@@QEBA_NXZ 000000018000bab9 f   node:node.exe
 0001:0000aac5       __imp_load_?IsFunction@Value@v8@@QEBA_NXZ 000000018000bac5 f   node:node.exe
 0001:0000aad1       __imp_load_?InstanceTemplate@FunctionTemplate@v8@@QEAA?AV?$Local@VObjectTemplate@v8@@@2@XZ 000000018000bad1 f   node:node.exe
 0001:0000aadd       __imp_load_?GetFunction@FunctionTemplate@v8@@QEAA?AV?$Local@VFunction@v8@@@2@XZ 000000018000badd f   node:node.exe
 0001:0000aae9       __imp_load_?New@FunctionTemplate@v8@@SA?AV?$Local@VFunctionTemplate@v8@@@2@PEAVIsolate@2@P6AXAEBV?$FunctionCallbackInfo@VValue@v8@@@2@@ZV?$Local@VValue@v8@@@2@V?$Local@VSignature@v8@@@2@H@Z 000000018000bae9 f   node:node.exe
 0001:0000aaf5       __imp_load_?Error@Exception@v8@@SA?AV?$Local@VValue@v8@@@2@V?$Local@VString@v8@@@2@@Z 000000018000baf5 f   node:node.exe
 0001:0000ab01       __imp_load_?TypeError@Exception@v8@@SA?AV?$Local@VValue@v8@@@2@V?$Local@VString@v8@@@2@@Z 000000018000bb01 f   node:node.exe
 0001:0000ab0d       __imp_load_??1Utf8Value@String@v8@@QEAA@XZ 000000018000bb0d f   node:node.exe
 0001:0000ab19       __imp_load_??0Utf8Value@String@v8@@QEAA@V?$Local@VValue@v8@@@2@@Z 000000018000bb19 f   node:node.exe
 0001:0000ab25       __imp_load_?NewFromTwoByte@String@v8@@SA?AV?$MaybeLocal@VString@v8@@@2@PEAVIsolate@2@PEBGW4NewStringType@2@H@Z 000000018000bb25 f   node:node.exe
 0001:0000ab31       __imp_load_?NewFromUtf8@String@v8@@SA?AV?$MaybeLocal@VString@v8@@@2@PEAVIsolate@2@PEBDW4NewStringType@2@H@Z 000000018000bb31 f   node:node.exe
 0001:0000ab3d       __imp_load_?WriteUtf8@String@v8@@QEBAHPEADHPEAHH@Z 000000018000bb3d f   node:node.exe
 0001:0000ab49       __imp_load_?Write@String@v8@@QEBAHPEAGHHH@Z 000000018000bb49 f   node:node.exe
 0001:0000ab55       __imp_load_?Utf8Length@String@v8@@QEBAHXZ 000000018000bb55 f   node:node.exe
 0001:0000ab61       __imp_load_?New@Array@v8@@SA?AV?$Local@VArray@v8@@@2@PEAVIsolate@2@H@Z 000000018000bb61 f   node:node.exe
 0001:0000ab6d       __imp_load_?Length@Array@v8@@QEBAIXZ 000000018000bb6d f   node:node.exe
 0001:0000ab79       __imp_load_?CreateHandle@HandleScope@v8@@KAPEAPEAVObject@internal@2@PEAVIsolate@42@PEAV342@@Z 000000018000bb79 f   node:node.exe
 0001:0000ab85       __imp_load_?CreateHandle@HandleScope@v8@@CAPEAPEAVObject@internal@2@PEAVHeapObject@42@PEAV342@@Z 000000018000bb85 f   node:node.exe
 0001:0000ab91       __imp_load_??1HandleScope@v8@@QEAA@XZ 000000018000bb91 f   node:node.exe
 0001:0000ab9d       __imp_load_??0HandleScope@v8@@QEAA@PEAVIsolate@1@@Z 000000018000bb9d f   node:node.exe
 0001:0000aba9       __imp_load_?New@Number@v8@@SA?AV?$Local@VNumber@v8@@@2@PEAVIsolate@2@N@Z 000000018000bba9 f   node:node.exe
 0001:0000abb5       __imp_load_??0ResourceConstraints@v8@@QEAA@XZ 000000018000bbb5 f   node:node.exe
 0001:0000abc1       __imp_load_?SlowGetAlignedPointerFromInternalField@Object@v8@@AEAAPEAXH@Z 000000018000bbc1 f   node:node.exe
 0001:0000abcd       __imp_load_?SlowGetInternalField@Object@v8@@AEAA?AV?$Local@VValue@v8@@@2@H@Z 000000018000bbcd f   node:node.exe
 0001:0000abd9       __imp_load_?New@Object@v8@@SA?AV?$Local@VObject@v8@@@2@PEAVIsolate@2@@Z 000000018000bbd9 f   node:node.exe
 0001:0000abe5       __imp_load_?CallAsFunction@Object@v8@@QEAA?AV?$Local@VValue@v8@@@2@V32@HQEAV32@@Z 000000018000bbe5 f   node:node.exe
 0001:0000abf1       __imp_load_?SetAlignedPointerInInternalField@Object@v8@@QEAAXHPEAX@Z 000000018000bbf1 f   node:node.exe
 0001:0000abfd       __imp_load_?SetInternalField@Object@v8@@QEAAXHV?$Local@VValue@v8@@@2@@Z 000000018000bbfd f   node:node.exe
 0001:0000ac09       __imp_load_?InternalFieldCount@Object@v8@@QEAAHXZ 000000018000bc09 f   node:node.exe
 0001:0000ac15       __imp_load_?GetConstructorName@Object@v8@@QEAA?AV?$Local@VString@v8@@@2@XZ 000000018000bc15 f   node:node.exe
 0001:0000ac21       __imp_load_?GetOwnPropertyNames@Object@v8@@QEAA?AV?$Local@VArray@v8@@@2@XZ 000000018000bc21 f   node:node.exe
 0001:0000ac2d       __imp_load_?GetPropertyNames@Object@v8@@QEAA?AV?$Local@VArray@v8@@@2@XZ 000000018000bc2d f   node:node.exe
 0001:0000ac39       __imp_load_?Has@Object@v8@@QEAA_NV?$Local@VValue@v8@@@2@@Z 000000018000bc39 f   node:node.exe
 0001:0000ac45       __imp_load_?Get@Object@v8@@QEAA?AV?$Local@VValue@v8@@@2@V32@@Z 000000018000bc45 f   node:node.exe
 0001:0000ac51       __imp_load_?Get@Object@v8@@QEAA?AV?$Local@VValue@v8@@@2@I@Z 000000018000bc51 f   node:node.exe
 0001:0000ac5d       __imp_load_?ForceSet@Object@v8@@QEAA_NV?$Local@VValue@v8@@@2@0W4PropertyAttribute@2@@Z 000000018000bc5d f   node:node.exe
 0001:0000ac69       __imp_load_?Set@Object@v8@@QEAA_NV?$Local@VValue@v8@@@2@0@Z 000000018000bc69 f   node:node.exe
 0001:0000ac75       __imp_load_?Set@Object@v8@@QEAA_NIV?$Local@VValue@v8@@@2@@Z 000000018000bc75 f   node:node.exe
 0001:0000ac81       __imp_load_?Initialize@Unlocker@v8@@AEAAXPEAVIsolate@2@@Z 000000018000bc81 f   node:node.exe
 0001:0000ac8d       __imp_load_?Set@Template@v8@@QEAAXV?$Local@VName@v8@@@2@V?$Local@VData@v8@@@2@W4PropertyAttribute@2@@Z 000000018000bc8d f   node:node.exe
 0001:0000ac99       __imp_load_?SetInternalFieldCount@ObjectTemplate@v8@@QEAAXH@Z 000000018000bc99 f   node:node.exe
 0001:0000aca5       __imp_load_?SetHandler@ObjectTemplate@v8@@QEAAXAEBUIndexedPropertyHandlerConfiguration@2@@Z 000000018000bca5 f   node:node.exe
 0001:0000acb1       __imp_load_?NewInstance@ObjectTemplate@v8@@QEAA?AV?$Local@VObject@v8@@@2@XZ 000000018000bcb1 f   node:node.exe
 0001:0000acbd       __imp_load_?NewInstance@ObjectTemplate@v8@@QEAA?AV?$MaybeLocal@VObject@v8@@@2@V?$Local@VContext@v8@@@2@@Z 000000018000bcbd f   node:node.exe
 0001:0000acc9       __imp_load_?New@ObjectTemplate@v8@@SA?AV?$Local@VObjectTemplate@v8@@@2@PEAVIsolate@2@V?$Local@VFunctionTemplate@v8@@@2@@Z 000000018000bcc9 f   node:node.exe
 0001:0000acd5       __imp_load_?New@ObjectTemplate@v8@@SA?AV?$Local@VObjectTemplate@v8@@@2@XZ 000000018000bcd5 f   node:node.exe
 0001:0000ace1       __imp_load_?NewFromUnsigned@Integer@v8@@SA?AV?$Local@VInteger@v8@@@2@PEAVIsolate@2@I@Z 000000018000bce1 f   node:node.exe
 0001:0000aced       __imp_load_?New@Integer@v8@@SA?AV?$Local@VInteger@v8@@@2@PEAVIsolate@2@H@Z 000000018000bced f   node:node.exe
 0001:0000acf9       __imp_load_?Call@Function@v8@@QEAA?AV?$Local@VValue@v8@@@2@V32@HQEAV32@@Z 000000018000bcf9 f   node:node.exe
 0001:0000ad05       __imp_load_?NewInstance@Function@v8@@QEBA?AV?$Local@VObject@v8@@@2@HQEAV?$Local@VValue@v8@@@2@@Z 000000018000bd05 f   node:node.exe
 0001:0000ad11       __imp_load_?NewInstance@Function@v8@@QEBA?AV?$MaybeLocal@VObject@v8@@@2@V?$Local@VContext@v8@@@2@HQEAV?$Local@VValue@v8@@@2@@Z 000000018000bd11 f   node:node.exe
 0001:0000ad1d       __imp_load_?NewInstance@Function@v8@@QEBA?AV?$Local@VObject@v8@@@2@XZ 000000018000bd1d f   node:node.exe
 0001:0000ad29       __imp_load_?CollectAllGarbage@Isolate@v8@@AEAAXPEBD@Z 000000018000bd29 f   node:node.exe
 0001:0000ad35       __imp_load_?VisitHandlesForPartialDependence@Isolate@v8@@QEAAXPEAVPersistentHandleVisitor@2@@Z 000000018000bd35 f   node:node.exe
 0001:0000ad41       __imp_load_?VisitHandlesWithClassIds@Isolate@v8@@QEAAXPEAVPersistentHandleVisitor@2@@Z 000000018000bd41 f   node:node.exe
 0001:0000ad4d       __imp_load_?VisitExternalResources@Isolate@v8@@QEAAXPEAVExternalResourceVisitor@2@@Z 000000018000bd4d f   node:node.exe
 0001:0000ad59       __imp_load_?RemoveMemoryAllocationCallback@Isolate@v8@@QEAAXP6AXW4ObjectSpace@2@W4AllocationAction@2@H@Z@Z 000000018000bd59 f   node:node.exe
 0001:0000ad65       __imp_load_?AddMemoryAllocationCallback@Isolate@v8@@QEAAXP6AXW4ObjectSpace@2@W4AllocationAction@2@H@Z01@Z 000000018000bd65 f   node:node.exe
 0001:0000ad71       __imp_load_?SetCaptureStackTraceForUncaughtExceptions@Isolate@v8@@QEAAX_NHW4StackTraceOptions@StackTrace@2@@Z 000000018000bd71 f   node:node.exe
 0001:0000ad7d       __imp_load_?SetFailedAccessCheckCallbackFunction@Isolate@v8@@QEAAXP6AXV?$Local@VObject@v8@@@2@W4AccessType@2@V?$Local@VValue@v8@@@2@@Z@Z 000000018000bd7d f   node:node.exe
 0001:0000ad89       __imp_load_?RemoveMessageListeners@Isolate@v8@@QEAAXP6AXV?$Local@VMessage@v8@@@2@V?$Local@VValue@v8@@@2@@Z@Z 000000018000bd89 f   node:node.exe
 0001:0000ad95       __imp_load_?AddMessageListener@Isolate@v8@@QEAA_NP6AXV?$Local@VMessage@v8@@@2@V?$Local@VValue@v8@@@2@@Z1@Z 000000018000bd95 f   node:node.exe
 0001:0000ada1       __imp_load_?IsDead@Isolate@v8@@QEAA_NXZ 000000018000bda1 f   node:node.exe
 0001:0000adad       __imp_load_?SetAllowCodeGenerationFromStringsCallback@Isolate@v8@@QEAAXP6A_NV?$Local@VContext@v8@@@2@@Z@Z 000000018000bdad f   node:node.exe
 0001:0000adb9       __imp_load_?SetFatalErrorHandler@Isolate@v8@@QEAAXP6AXPEBD0@Z@Z 000000018000bdb9 f   node:node.exe
 0001:0000adc5       __imp_load_?IdleNotificationDeadline@Isolate@v8@@QEAA_NN@Z 000000018000bdc5 f   node:node.exe
 0001:0000add1       __imp_load_?CancelTerminateExecution@Isolate@v8@@QEAAXXZ 000000018000bdd1 f   node:node.exe
 0001:0000addd       __imp_load_?IsExecutionTerminating@Isolate@v8@@QEAA_NXZ 000000018000bddd f   node:node.exe
 0001:0000ade9       __imp_load_?TerminateExecution@Isolate@v8@@QEAAXXZ 000000018000bde9 f   node:node.exe
 0001:0000adf5       __imp_load_?RemoveGCEpilogueCallback@Isolate@v8@@QEAAXP6AXPEAV12@W4GCType@2@W4GCCallbackFlags@2@@Z@Z 000000018000bdf5 f   node:node.exe
 0001:0000ae01       __imp_load_?RemoveGCPrologueCallback@Isolate@v8@@QEAAXP6AXPEAV12@W4GCType@2@W4GCCallbackFlags@2@@Z@Z 000000018000be01 f   node:node.exe
 0001:0000ae0d       __imp_load_?ThrowException@Isolate@v8@@QEAA?AV?$Local@VValue@v8@@@2@V32@@Z 000000018000be0d f   node:node.exe
 0001:0000ae19       __imp_load_?GetCurrentContext@Isolate@v8@@QEAA?AV?$Local@VContext@v8@@@2@XZ 000000018000be19 f   node:node.exe
 0001:0000ae25       __imp_load_?Dispose@Isolate@v8@@QEAAXXZ 000000018000be25 f   node:node.exe
 0001:0000ae31       __imp_load_?Exit@Isolate@v8@@QEAAXXZ 000000018000be31 f   node:node.exe
 0001:0000ae3d       __imp_load_?Enter@Isolate@v8@@QEAAXXZ 000000018000be3d f   node:node.exe
 0001:0000ae49       __imp_load_?GetCurrent@Isolate@v8@@SAPEAV12@XZ 000000018000be49 f   node:node.exe
 0001:0000ae55       __imp_load_?New@Isolate@v8@@SAPEAV12@AEBUCreateParams@12@@Z 000000018000be55 f   node:node.exe
 0001:0000ae61       __imp_load_?GetFlags@RegExp@v8@@QEBA?AW4Flags@12@XZ 000000018000be61 f   node:node.exe
 0001:0000ae6d       __imp_load_?GetSource@RegExp@v8@@QEBA?AV?$Local@VString@v8@@@2@XZ 000000018000be6d f   node:node.exe
 0001:0000ae79       __imp_load_?New@RegExp@v8@@SA?AV?$Local@VRegExp@v8@@@2@V?$Local@VString@v8@@@2@W4Flags@12@@Z 000000018000be79 f   node:node.exe
 0001:0000ae85       __imp_load_?ResetToBookmark@ExternalSourceStream@ScriptCompiler@v8@@UEAAXXZ 000000018000be85 f   node:node.exe
 0001:0000ae91       ?ResetToBookmark@ExternalSourceStream@ScriptCompiler@v8@@UEAAXXZ 000000018000be91 f   node:node.exe
 0001:0000ae97       __imp_load_?SetBookmark@ExternalSourceStream@ScriptCompiler@v8@@UEAA_NXZ 000000018000be97 f   node:node.exe
 0001:0000aea3       ?SetBookmark@ExternalSourceStream@ScriptCompiler@v8@@UEAA_NXZ 000000018000bea3 f   node:node.exe
 0001:0000aea9       __imp_load_??1CachedData@ScriptCompiler@v8@@QEAA@XZ 000000018000bea9 f   node:node.exe
 0001:0000aeb5       __imp_load_?Compile@ScriptCompiler@v8@@SA?AV?$MaybeLocal@VScript@v8@@@2@V?$Local@VContext@v8@@@2@PEAVSource@12@W4CompileOptions@12@@Z 000000018000beb5 f   node:node.exe
 0001:0000aec1       __imp_load_?Value@External@v8@@QEBAPEAXXZ 000000018000bec1 f   node:node.exe
 0001:0000aecd       __imp_load_?New@External@v8@@SA?AV?$Local@VExternal@v8@@@2@PEAVIsolate@2@PEAX@Z 000000018000becd f   node:node.exe
 0001:0000aed9       __imp_load_uv_mutex_unlock 000000018000bed9 f   node:node.exe
 0001:0000aee5       __imp_load_uv_mutex_lock   000000018000bee5 f   node:node.exe
 0001:0000aef1       __imp_load_uv_async_send   000000018000bef1 f   node:node.exe
 0001:0000aefd       __imp_load_uv_cond_signal  000000018000befd f   node:node.exe
 0001:0000af09       __imp_load_uv_async_init   000000018000bf09 f   node:node.exe
 0001:0000af15       __imp_load_uv_mutex_init   000000018000bf15 f   node:node.exe
 0001:0000af21       __imp_load_uv_ref          000000018000bf21 f   node:node.exe
 0001:0000af2d       __imp_load_uv_cond_init    000000018000bf2d f   node:node.exe
 0001:0000af39       __imp_load_uv_thread_create 000000018000bf39 f   node:node.exe
 0001:0000af48       ??0bad_alloc@std@@QEAA@AEBV01@@Z 000000018000bf48 f i libcpmt:xthrow.obj
 0001:0000af6c       ??1bad_alloc@std@@UEAA@XZ  000000018000bf6c f i libcpmt:xthrow.obj
 0001:0000af7c       ??_Gbad_alloc@std@@UEAAPEAXI@Z 000000018000bf7c f i libcpmt:xthrow.obj
 0001:0000af7c       ??_Ebad_alloc@std@@UEAAPEAXI@Z 000000018000bf7c f i libcpmt:xthrow.obj
 0001:0000afd0       __security_check_cookie    000000018000bfd0 f   LIBCMT:amdsecgs.obj
 0001:0000aff0       sprintf                    000000018000bff0 f   LIBCMT:sprintf.obj
 0001:0000b090       _vsprintf_l                000000018000c090 f   LIBCMT:vsprintf.obj
 0001:0000b148       vsprintf                   000000018000c148 f   LIBCMT:vsprintf.obj
 0001:0000b170       memcpy                     000000018000c170 f   LIBCMT:memcpy.obj
 0001:0000b170       memmove                    000000018000c170 f   LIBCMT:memcpy.obj
 0001:0000b6d8       free                       000000018000c6d8 f   LIBCMT:free.obj
 0001:0000b718       calloc                     000000018000c718 f   LIBCMT:calloc.obj
 0001:0000b75c       malloc                     000000018000c75c f   LIBCMT:malloc.obj
 0001:0000b814       strerror                   000000018000c814 f   LIBCMT:strerror.obj
 0001:0000b8b0       rewind                     000000018000c8b0 f   LIBCMT:rewind.obj
 0001:0000b96c       fputs                      000000018000c96c f   LIBCMT:fputs.obj
 0001:0000ba98       __initstdio                000000018000ca98 f   LIBCMT:_file.obj
 0001:0000bb30       __endstdio                 000000018000cb30 f   LIBCMT:_file.obj
 0001:0000bb60       __iob_func                 000000018000cb60 f   LIBCMT:_file.obj
 0001:0000bb68       _lock_file                 000000018000cb68 f   LIBCMT:_file.obj
 0001:0000bbd0       _lock_file2                000000018000cbd0 f   LIBCMT:_file.obj
 0001:0000bc04       _unlock_file               000000018000cc04 f   LIBCMT:_file.obj
 0001:0000bc54       _unlock_file2              000000018000cc54 f   LIBCMT:_file.obj
 0001:0000bc74       strchr                     000000018000cc74 f   LIBCMT:strchr.obj
 0001:0000bd00       _fflush_nolock             000000018000cd00 f   LIBCMT:fflush.obj
 0001:0000bd4c       _flush                     000000018000cd4c f   LIBCMT:fflush.obj
 0001:0000bdc8       _flushall                  000000018000cdc8 f   LIBCMT:fflush.obj
 0001:0000bdd4       fflush                     000000018000cdd4 f   LIBCMT:fflush.obj
 0001:0000bf00       __doserrno                 000000018000cf00 f   LIBCMT:dosmap.obj
 0001:0000bf20       _dosmaperr                 000000018000cf20 f   LIBCMT:dosmap.obj
 0001:0000bf70       _errno                     000000018000cf70 f   LIBCMT:dosmap.obj
 0001:0000bf90       _get_errno_from_oserr      000000018000cf90 f   LIBCMT:dosmap.obj
 0001:0000bfe0       _wassert                   000000018000cfe0 f   LIBCMT:wassert.obj
 0001:0000c944       __onexitinit               000000018000d944 f   LIBCMT:onexit.obj
 0001:0000c988       _onexit                    000000018000d988 f   LIBCMT:onexit.obj
 0001:0000ca94       atexit                     000000018000da94 f   LIBCMT:onexit.obj
 0001:0000caac       _get_printf_count_output   000000018000daac f   LIBCMT:printf.obj
 0001:0000cac4       printf                     000000018000dac4 f   LIBCMT:printf.obj
 0001:0000cb70       _fsopen                    000000018000db70 f   LIBCMT:fopen.obj
 0001:0000cc48       fopen                      000000018000dc48 f   LIBCMT:fopen.obj
 0001:0000cc54       ??_V@YAXPEAX@Z             000000018000dc54 f   LIBCMT:delete2.obj
 0001:0000cc5c       _fread_nolock_s            000000018000dc5c f   LIBCMT:fread.obj
 0001:0000ce7c       fread                      000000018000de7c f   LIBCMT:fread.obj
 0001:0000ce9c       fread_s                    000000018000de9c f   LIBCMT:fread.obj
 0001:0000cf44       fprintf                    000000018000df44 f   LIBCMT:fprintf.obj
 0001:0000d06c       _purecall                  000000018000e06c f   LIBCMT:purevirt.obj
 0001:0000d098       ??3@YAXPEAX@Z              000000018000e098 f   LIBCMT:delete.obj
 0001:0000d0a0       ferror                     000000018000e0a0 f   LIBCMT:feoferr.obj
 0001:0000d0c8       _ftell_nolock              000000018000e0c8 f   LIBCMT:ftell.obj
 0001:0000d3dc       ftell                      000000018000e3dc f   LIBCMT:ftell.obj
 0001:0000d434       putchar                    000000018000e434 f   LIBCMT:fputchar.obj
 0001:0000d454       _fseek_nolock              000000018000e454 f   LIBCMT:fseek.obj
 0001:0000d500       fseek                      000000018000e500 f   LIBCMT:fseek.obj
 0001:0000d574       ??_Etype_info@@UEAAPEAXI@Z 000000018000e574 f i LIBCMT:typinfo.obj
 0001:0000d574       ??_Gtype_info@@UEAAPEAXI@Z 000000018000e574 f i LIBCMT:typinfo.obj
 0001:0000d5b0       _fclose_nolock             000000018000e5b0 f   LIBCMT:fclose.obj
 0001:0000d62c       fclose                     000000018000e62c f   LIBCMT:fclose.obj
 0001:0000d694       ??2@YAPEAX_K@Z             000000018000e694 f   LIBCMT:new.obj
 0001:0000d700       ??0_LocaleUpdate@@QEAA@PEAUlocaleinfo_struct@@@Z 000000018000e700 f i LIBCMT:stricmp.obj
 0001:0000d7a8       __ascii_stricmp            000000018000e7a8 f   LIBCMT:stricmp.obj
 0001:0000d7e4       _stricmp                   000000018000e7e4 f   LIBCMT:stricmp.obj
 0001:0000d82c       _stricmp_l                 000000018000e82c f   LIBCMT:stricmp.obj
 0001:0000d8e0       _CRT_INIT                  000000018000e8e0 f   LIBCMT:dllcrt0.obj
 0001:0000da40       _DllMainCRTStartup         000000018000ea40 f   LIBCMT:dllcrt0.obj
 0001:0000dbb0       strlen                     000000018000ebb0 f   LIBCMT:strlen.obj
 0001:0000dc58       _CxxThrowException         000000018000ec58 f   LIBCMT:throw.obj
 0001:0000dd20       _fpmath                    000000018000ed20 f   LIBCMT:fpinit.obj
 0001:0000dd28       _cfltcvt_init              000000018000ed28 f   LIBCMT:fpinit.obj
 0001:0000ddb0       ??0exception@std@@QEAA@AEBQEBDH@Z 000000018000edb0 f   LIBCMT:stdexcpt.obj
 0001:0000ddcc       ??0exception@std@@QEAA@AEBV01@@Z 000000018000edcc f   LIBCMT:stdexcpt.obj
 0001:0000ddf8       ??1exception@std@@UEAA@XZ  000000018000edf8 f   LIBCMT:stdexcpt.obj
 0001:0000de08       ??4exception@std@@QEAAAEAV01@AEBV01@@Z 000000018000ee08 f   LIBCMT:stdexcpt.obj
 0001:0000de4c       ??_Eexception@std@@UEAAPEAXI@Z 000000018000ee4c f i LIBCMT:stdexcpt.obj
 0001:0000de4c       ??_Gexception@std@@UEAAPEAXI@Z 000000018000ee4c f i LIBCMT:stdexcpt.obj
 0001:0000de88       ?_Copy_str@exception@std@@AEAAXPEBD@Z 000000018000ee88 f   LIBCMT:stdexcpt.obj
 0001:0000dee4       ?_Tidy@exception@std@@AEAAXXZ 000000018000eee4 f   LIBCMT:stdexcpt.obj
 0001:0000df0c       ?what@exception@std@@UEBAPEBDXZ 000000018000ef0c f   LIBCMT:stdexcpt.obj
 0001:0000df20       __raise_securityfailure    000000018000ef20 f   LIBCMT:gs_report.obj
 0001:0000df6c       __report_gsfailure         000000018000ef6c f   LIBCMT:gs_report.obj
 0001:0000e040       _call_reportfault          000000018000f040 f   LIBCMT:invarg.obj
 0001:0000e134       _initp_misc_invarg         000000018000f134 f   LIBCMT:invarg.obj
 0001:0000e13c       _invalid_parameter         000000018000f13c f   LIBCMT:invarg.obj
 0001:0000e1a4       _invalid_parameter_noinfo  000000018000f1a4 f   LIBCMT:invarg.obj
 0001:0000e1c4       _invoke_watson             000000018000f1c4 f   LIBCMT:invarg.obj
 0001:0000e200       _flsbuf                    000000018000f200 f   LIBCMT:_flsbuf.obj
 0001:0000e38c       _output_l                  000000018000f38c f   LIBCMT:output.obj
 0001:0000eee0       memset                     000000018000fee0 f   LIBCMT:memset.obj
 0001:0000f10c       __isa_available_init       000000018001010c f   LIBCMT:cpu_disp.obj
 0001:0000f2b0       _heap_init                 00000001800102b0 f   LIBCMT:heapinit.obj
 0001:0000f2d0       _heap_term                 00000001800102d0 f   LIBCMT:heapinit.obj
 0001:0000f2dc       _calloc_impl               00000001800102dc f   LIBCMT:calloc_impl.obj
 0001:0000f378       _callnewh                  0000000180010378 f   LIBCMT:handler.obj
 0001:0000f3ac       _initp_heap_handler        00000001800103ac f   LIBCMT:handler.obj
 0001:0000f3b4       __copy_path_to_wide_string 00000001800103b4 f   LIBCMT:crt0dat.obj
 0001:0000f4b4       __crtCorExitProcess        00000001800104b4 f   LIBCMT:crt0dat.obj
 0001:0000f4f8       __crtExitProcess           00000001800104f8 f   LIBCMT:crt0dat.obj
 0001:0000f510       __freeCrtMemory            0000000180010510 f   LIBCMT:crt0dat.obj
 0001:0000f658       _amsg_exit                 0000000180010658 f   LIBCMT:crt0dat.obj
 0001:0000f680       _cexit                     0000000180010680 f   LIBCMT:crt0dat.obj
 0001:0000f690       _cinit                     0000000180010690 f   LIBCMT:crt0dat.obj
 0001:0000f728       _exit                      0000000180010728 f   LIBCMT:crt0dat.obj
 0001:0000f734       _init_pointers             0000000180010734 f   LIBCMT:crt0dat.obj
 0001:0000f7e0       _initterm_e                00000001800107e0 f   LIBCMT:crt0dat.obj
 0001:0000f81c       _lockexit                  000000018001081c f   LIBCMT:crt0dat.obj
 0001:0000f828       _unlockexit                0000000180010828 f   LIBCMT:crt0dat.obj
 0001:0000f9cc       _FF_MSGBANNER              00000001800109cc f   LIBCMT:crt0msg.obj
 0001:0000fa10       _GET_RTERRMSG              0000000180010a10 f   LIBCMT:crt0msg.obj
 0001:0000fa40       _NMSG_WRITE                0000000180010a40 f   LIBCMT:crt0msg.obj
 0001:0000fcb0       __sys_errlist              0000000180010cb0 f   LIBCMT:syserr.obj
 0001:0000fcb8       __sys_nerr                 0000000180010cb8 f   LIBCMT:syserr.obj
 0001:0000fcc0       strcpy_s                   0000000180010cc0 f   LIBCMT:strcpy_s.obj
 0001:0000fd24       _freefls                   0000000180010d24 f   LIBCMT:tidtable.obj
 0001:0000fe58       _freeptd                   0000000180010e58 f   LIBCMT:tidtable.obj
 0001:0000fe94       _getptd                    0000000180010e94 f   LIBCMT:tidtable.obj
 0001:0000feb8       _getptd_noexit             0000000180010eb8 f   LIBCMT:tidtable.obj
 0001:0000ff3c       _initptd                   0000000180010f3c f   LIBCMT:tidtable.obj
 0001:00010000       _mtinit                    0000000180011000 f   LIBCMT:tidtable.obj
 0001:00010080       _mtterm                    0000000180011080 f   LIBCMT:tidtable.obj
 0001:000100a4       _calloc_crt                00000001800110a4 f   LIBCMT:crtheap.obj
 0001:00010124       _malloc_crt                0000000180011124 f   LIBCMT:crtheap.obj
 0001:000101a0       _realloc_crt               00000001800111a0 f   LIBCMT:crtheap.obj
 0001:00010224       _fileno                    0000000180011224 f   LIBCMT:fileno.obj
 0001:0001024c       _lseek                     000000018001124c f   LIBCMT:lseek.obj
 0001:00010330       _lseek_nolock              0000000180011330 f   LIBCMT:lseek.obj
 0001:00010414       __C_specific_handler       0000000180011414 f   LIBCMT:chandler.obj
 0001:000105f8       _ioinit                    00000001800115f8 f   LIBCMT:ioinit.obj
 0001:00010928       _ioterm                    0000000180011928 f   LIBCMT:ioinit.obj
 0001:0001099c       _fwrite_nolock             000000018001199c f   LIBCMT:fwrite.obj
 0001:00010b2c       _ftbuf                     0000000180011b2c f   LIBCMT:_sftbuf.obj
 0001:00010b64       _stbuf                     0000000180011b64 f   LIBCMT:_sftbuf.obj
 0001:00010c34       _fcloseall                 0000000180011c34 f   LIBCMT:closeall.obj
 0001:00010cdc       _lock                      0000000180011cdc f   LIBCMT:mlock.obj
 0001:00010d20       _mtdeletelocks             0000000180011d20 f   LIBCMT:mlock.obj
 0001:00010da8       _mtinitlocknum             0000000180011da8 f   LIBCMT:mlock.obj
 0001:00010e68       _mtinitlocks               0000000180011e68 f   LIBCMT:mlock.obj
 0001:00010ecc       _unlock                    0000000180011ecc f   LIBCMT:mlock.obj
 0001:00010ee4       _commit                    0000000180011ee4 f   LIBCMT:commit.obj
 0001:00010fbc       _write                     0000000180011fbc f   LIBCMT:write.obj
 0001:000110a0       _write_nolock              00000001800120a0 f   LIBCMT:write.obj
 0001:00011894       memcpy_s                   0000000180012894 f   LIBCMT:memcpy_s.obj
 0001:0001191c       wcscat_s                   000000018001291c f   LIBCMT:wcscat_s.obj
 0001:000119a4       wcscpy_s                   00000001800129a4 f   LIBCMT:wcscpy_s.obj
 0001:00011a10       wcslen                     0000000180012a10 f   LIBCMT:wcslen.obj
 0001:00011a2c       wcsncat_s                  0000000180012a2c f   LIBCMT:wcsncat_s.obj
 0001:00011b14       _set_abort_behavior        0000000180012b14 f   LIBCMT:abort.obj
 0001:00011b30       abort                      0000000180012b30 f   LIBCMT:abort.obj
 0001:00011b88       _set_error_mode            0000000180012b88 f   LIBCMT:errmode.obj
 0001:00011bc8       _itow_s                    0000000180012bc8 f   LIBCMT:xtows.obj
 0001:00011d00       setvbuf                    0000000180012d00 f   LIBCMT:setvbuf.obj
 0001:00011e18       fwprintf                   0000000180012e18 f   LIBCMT:fwprintf.obj
 0001:00011eac       _vswprintf_c_l             0000000180012eac f   LIBCMT:vswprnc.obj
 0001:00011ee4       _vswprintf_helper          0000000180012ee4 f   LIBCMT:vswprnc.obj
 0001:00012000       __get_sigabrt              0000000180013000 f   LIBCMT:winsig.obj
 0001:00012010       _initp_misc_winsig         0000000180013010 f   LIBCMT:winsig.obj
 0001:00012030       raise                      0000000180013030 f   LIBCMT:winsig.obj
 0001:00012264       __crtMessageBoxW           0000000180013264 f   LIBCMT:crtmboxw.obj
 0001:000124d8       __GSHandlerCheck           00000001800134d8 f   LIBCMT:gshandler.obj
 0001:000124f8       __GSHandlerCheckCommon     00000001800134f8 f   LIBCMT:gshandler.obj
 0001:0001255c       _msize                     000000018001355c f   LIBCMT:msize.obj
 0001:00012598       _getstream                 0000000180013598 f   LIBCMT:stream.obj
 0001:000126d0       _openfile                  00000001800136d0 f   LIBCMT:_open.obj
 0001:000129a0       _local_unwind              00000001800139a0 f   LIBCMT:jmpuwind.obj
 0001:000129d0       _NLG_Notify                00000001800139d0 f   LIBCMT:jmpuwind.obj
 0001:000129f0       __NLG_Dispatch2            00000001800139f0 f   LIBCMT:jmpuwind.obj
 0001:00012a00       __NLG_Return2              0000000180013a00 f   LIBCMT:jmpuwind.obj
 0001:00012a04       _filbuf                    0000000180013a04 f   LIBCMT:_filbuf.obj
 0001:00012b48       _read                      0000000180013b48 f   LIBCMT:read.obj
 0001:00012c64       _read_nolock               0000000180013c64 f   LIBCMT:read.obj
 0001:000134d4       _initp_misc_purevirt       00000001800144d4 f   LIBCMT:inithelp.obj
 0001:000134dc       _lseeki64                  00000001800144dc f   LIBCMT:lseeki64.obj
 0001:000135c4       _lseeki64_nolock           00000001800145c4 f   LIBCMT:lseeki64.obj
 0001:00013670       __chkstk                   0000000180014670 f   LIBCMT:chkstk.obj
 0001:00013670       _alloca_probe              0000000180014670 f   LIBCMT:chkstk.obj
 0001:000136c0       putc                       00000001800146c0 f   LIBCMT:fputc.obj
 0001:000137e0       strcmp                     00000001800147e0 f   LIBCMT:strcmp.obj
 0001:00013848       ?_Type_info_dtor@type_info@@CAXPEAV1@@Z 0000000180014848 f   LIBCMT:typname.obj
 0001:000138b4       _close                     00000001800148b4 f   LIBCMT:close.obj
 0001:00013978       _close_nolock              0000000180014978 f   LIBCMT:close.obj
 0001:00013a34       _freebuf                   0000000180014a34 f   LIBCMT:_freebuf.obj
 0001:00013a6c       __addlocaleref             0000000180014a6c f   LIBCMT:localref.obj
 0001:00013af8       __freetlocinfo             0000000180014af8 f   LIBCMT:localref.obj
 0001:00013c90       __removelocaleref          0000000180014c90 f   LIBCMT:localref.obj
 0001:00013d34       __updatetlocinfo           0000000180014d34 f   LIBCMT:localref.obj
 0001:00013dac       _updatetlocinfoEx_nolock   0000000180014dac f   LIBCMT:localref.obj
 0001:00013e10       __initmbctable             0000000180014e10 f   LIBCMT:mbctype.obj
 0001:0001412c       __updatetmbcinfo           000000018001512c f   LIBCMT:mbctype.obj
 0001:000141e8       _setmbcp                   00000001800151e8 f   LIBCMT:mbctype.obj
 0001:0001442c       _setmbcp_nolock            000000018001542c f   LIBCMT:mbctype.obj
 0001:000146dc       _tolower_l                 00000001800156dc f   LIBCMT:tolower.obj
 0001:00014830       tolower                    0000000180015830 f   LIBCMT:tolower.obj
 0001:00014850       _locterm                   0000000180015850 f   LIBCMT:wsetloca.obj
 0001:00014898       _XcptFilter                0000000180015898 f   LIBCMT:winxfltr.obj
 0001:00014a64       __CppXcptFilter            0000000180015a64 f   LIBCMT:winxfltr.obj
 0001:00014a78       _setargv                   0000000180015a78 f   LIBCMT:stdargv.obj
 0001:00014d34       _setenvp                   0000000180015d34 f   LIBCMT:stdenvp.obj
 0001:00014e68       __security_init_cookie     0000000180015e68 f   LIBCMT:gs_support.obj
 0001:00014f14       DllMain                    0000000180015f14 f   LIBCMT:dllmain.obj
 0001:00014f1c       __crtGetEnvironmentStringsA 0000000180015f1c f   LIBCMT:a_env.obj
 0001:00015010       __crtCaptureCurrentContext 0000000180016010 f   LIBCMT:winapisupp.obj
 0001:00015080       __crtCapturePreviousContext 0000000180016080 f   LIBCMT:winapisupp.obj
 0001:000150f4       __crtFlsAlloc              00000001800160f4 f   LIBCMT:winapisupp.obj
 0001:00015110       __crtFlsFree               0000000180016110 f   LIBCMT:winapisupp.obj
 0001:0001512c       __crtFlsGetValue           000000018001612c f   LIBCMT:winapisupp.obj
 0001:00015148       __crtFlsSetValue           0000000180016148 f   LIBCMT:winapisupp.obj
 0001:00015164       __crtInitializeCriticalSectionEx 0000000180016164 f   LIBCMT:winapisupp.obj
 0001:00015190       __crtIsPackagedApp         0000000180016190 f   LIBCMT:winapisupp.obj
 0001:000151dc       __crtLoadWinApiPointers    00000001800161dc f   LIBCMT:winapisupp.obj
 0001:000155d8       __crtSleep                 00000001800165d8 f   LIBCMT:winapisupp.obj
 0001:000155e0       __crtTerminateProcess      00000001800165e0 f   LIBCMT:winapisupp.obj
 0001:00015600       __crtUnhandledException    0000000180016600 f   LIBCMT:winapisupp.obj
 0001:00015620       _RTC_Initialize            0000000180016620 f   LIBCMT:initsect.obj
 0001:00015658       _RTC_Terminate             0000000180016658 f   LIBCMT:initsect.obj
 0001:00015690       __DestructExceptionObject  0000000180016690 f   LIBCMT:frame.obj
 0001:00015700       ?terminate@@YAXXZ          0000000180016700 f   LIBCMT:hooks.obj
 0001:00015720       _initp_eh_hooks            0000000180016720 f   LIBCMT:hooks.obj
 0001:00015740       _cfltcvt                   0000000180016740 f   LIBCMT:cvt.obj
 0001:00015764       _cfltcvt_l                 0000000180016764 f   LIBCMT:cvt.obj
 0001:000157e4       _cftoa_l                   00000001800167e4 f   LIBCMT:cvt.obj
 0001:00015d90       _cftoe_l                   0000000180016d90 f   LIBCMT:cvt.obj
 0001:00015fec       _cftof_l                   0000000180016fec f   LIBCMT:cvt.obj
 0001:000160c0       _cftog_l                   00000001800170c0 f   LIBCMT:cvt.obj
 0001:000161f4       _cropzeros                 00000001800171f4 f   LIBCMT:cvt.obj
 0001:000161fc       _cropzeros_l               00000001800171fc f   LIBCMT:cvt.obj
 0001:00016294       _fassign                   0000000180017294 f   LIBCMT:cvt.obj
 0001:0001629c       _fassign_l                 000000018001729c f   LIBCMT:cvt.obj
 0001:000162dc       _forcdecpt                 00000001800172dc f   LIBCMT:cvt.obj
 0001:000162e4       _forcdecpt_l               00000001800172e4 f   LIBCMT:cvt.obj
 0001:00016364       _positive                  0000000180017364 f   LIBCMT:cvt.obj
 0001:00016378       _initp_misc_cfltcvt_tab    0000000180017378 f   LIBCMT:cmiscdat.obj
 0001:000163b4       __crt_debugger_hook        00000001800173b4 f   LIBCMT:dbghook.obj
 0001:000163bc       _isatty                    00000001800173bc f   LIBCMT:isatty.obj
 0001:0001641c       _getbuf                    000000018001741c f   LIBCMT:_getbuf.obj
 0001:00016470       _isleadbyte_l              0000000180017470 f i LIBCMT:_wctype.obj
 0001:000164b4       isleadbyte                 00000001800174b4 f i LIBCMT:_wctype.obj
 0001:000164fc       _wctomb_s_l                00000001800174fc f   LIBCMT:wctomb.obj
 0001:00016688       wctomb_s                   0000000180017688 f   LIBCMT:wctomb.obj
 0001:000166a0       _FindPESection             00000001800176a0 f   LIBCMT:pesect.obj
 0001:000166f0       _IsNonwritableInCurrentImage 00000001800176f0 f   LIBCMT:pesect.obj
 0001:00016740       _ValidateImageBase         0000000180017740 f   LIBCMT:pesect.obj
 0001:00016770       _initp_misc_rand_s         0000000180017770 f   LIBCMT:rand_s.obj
 0001:00016778       wcsncpy_s                  0000000180017778 f   LIBCMT:wcsncpy_s.obj
 0001:00016844       realloc                    0000000180017844 f   LIBCMT:realloc.obj
 0001:00016918       __lock_fhandle             0000000180017918 f   LIBCMT:osfinfo.obj
 0001:000169b0       _alloc_osfhnd              00000001800179b0 f   LIBCMT:osfinfo.obj
 0001:00016ba8       _free_osfhnd               0000000180017ba8 f   LIBCMT:osfinfo.obj
 0001:00016c54       _get_osfhandle             0000000180017c54 f   LIBCMT:osfinfo.obj
 0001:00016cc8       _set_osfhnd                0000000180017cc8 f   LIBCMT:osfinfo.obj
 0001:00016d78       _unlock_fhandle            0000000180017d78 f   LIBCMT:osfinfo.obj
 0001:00016da4       _mbtowc_l                  0000000180017da4 f   LIBCMT:mbtowc.obj
 0001:00016ef8       mbtowc                     0000000180017ef8 f   LIBCMT:mbtowc.obj
 0001:00016f00       _putwch_nolock             0000000180017f00 f   LIBCMT:putwch.obj
 0001:00016f5c       _woutput_l                 0000000180017f5c f   LIBCMT:woutput.obj
[...]
      135    ?Cast@Int8Array@v8@@SAPEAV12@PEAVValue@2@@Z (public: static class v8::Int8Array * __cdecl v8::Int8Array::Cast(class v8::Value *))
      136    ?Cast@Integer@v8@@SAPEAV12@PEAVValue@2@@Z (public: static class v8::Integer * __cdecl v8::Integer::Cast(class v8::Value *))
      137    ?Cast@Map@v8@@SAPEAV12@PEAVValue@2@@Z (public: static class v8::Map * __cdecl v8::Map::Cast(class v8::Value *))
      138    ?Cast@Name@v8@@SAPEAV12@PEAVValue@2@@Z (public: static class v8::Name * __cdecl v8::Name::Cast(class v8::Value *))
      139    ?Cast@Number@v8@@SAPEAV12@PEAVValue@2@@Z (public: static class v8::Number * __cdecl v8::Number::Cast(class v8::Value *))
      140    ?Cast@NumberObject@v8@@SAPEAV12@PEAVValue@2@@Z (public: static class v8::NumberObject * __cdecl v8::NumberObject::Cast(class v8::Value *))
      141    ?Cast@Object@v8@@SAPEAV12@PEAVValue@2@@Z (public: static class v8::Object * __cdecl v8::Object::Cast(class v8::Value *))
      142    ?Cast@Promise@v8@@SAPEAV12@PEAVValue@2@@Z (public: static class v8::Promise * __cdecl v8::Promise::Cast(class v8::Value *))
      143    ?Cast@RegExp@v8@@SAPEAV12@PEAVValue@2@@Z (public: static class v8::RegExp * __cdecl v8::RegExp::Cast(class v8::Value *))
      144    ?Cast@Resolver@Promise@v8@@SAPEAV123@PEAVValue@3@@Z (public: static class v8::Promise::Resolver * __cdecl v8::Promise::Resolver::Cast(class v8::Value *))
      145    ?Cast@Set@v8@@SAPEAV12@PEAVValue@2@@Z (public: static class v8::Set * __cdecl v8::Set::Cast(class v8::Value *))
      146    ?Cast@SharedArrayBuffer@v8@@SAPEAV12@PEAVValue@2@@Z (public: static class v8::SharedArrayBuffer * __cdecl v8::SharedArrayBuffer::Cast(class v8::Value *))
      147    ?Cast@String@v8@@SAPEAV12@PEAVValue@2@@Z (public: static class v8::String * __cdecl v8::String::Cast(class v8::Value *))
      148    ?Cast@StringObject@v8@@SAPEAV12@PEAVValue@2@@Z (public: static class v8::StringObject * __cdecl v8::StringObject::Cast(class v8::Value *))
      149    ?Cast@Symbol@v8@@SAPEAV12@PEAVValue@2@@Z (public: static class v8::Symbol * __cdecl v8::Symbol::Cast(class v8::Value *))
      150    ?Cast@SymbolObject@v8@@SAPEAV12@PEAVValue@2@@Z (public: static class v8::SymbolObject * __cdecl v8::SymbolObject::Cast(class v8::Value *))
      151    ?Cast@TypedArray@v8@@SAPEAV12@PEAVValue@2@@Z (public: static class v8::TypedArray * __cdecl v8::TypedArray::Cast(class v8::Value *))
      152    ?Cast@Uint16Array@v8@@SAPEAV12@PEAVValue@2@@Z (public: static class v8::Uint16Array * __cdecl v8::Uint16Array::Cast(class v8::Value *))
      153    ?Cast@Uint32@v8@@SAPEAV12@PEAVValue@2@@Z (public: static class v8::Uint32 * __cdecl v8::Uint32::Cast(class v8::Value *))
      154    ?Cast@Uint32Array@v8@@SAPEAV12@PEAVValue@2@@Z (public: static class v8::Uint32Array * __cdecl v8::Uint32Array::Cast(class v8::Value *))
      155    ?Cast@Uint8Array@v8@@SAPEAV12@PEAVValue@2@@Z (public: static class v8::Uint8Array * __cdecl v8::Uint8Array::Cast(class v8::Value *))
      156    ?Cast@Uint8ClampedArray@v8@@SAPEAV12@PEAVValue@2@@Z (public: static class v8::Uint8ClampedArray * __cdecl v8::Uint8ClampedArray::Cast(class v8::Value *))
      157    ?Data@Contents@ArrayBuffer@v8@@QEBAPEAXXZ (public: void * __cdecl v8::ArrayBuffer::Contents::Data(void)const )
      158    ?Data@Contents@SharedArrayBuffer@v8@@QEBAPEAXXZ (public: void * __cdecl v8::SharedArrayBuffer::Contents::Data(void)const )
      159    ?Dispose@ExternalStringResourceBase@String@v8@@MEAAXXZ (protected: virtual void __cdecl v8::String::ExternalStringResourceBase::Dispose(void))
      160    ?Empty@String@v8@@SA?AV?$Local@VString@v8@@@2@PEAVIsolate@2@@Z (public: static class v8::Local<class v8::String> __cdecl v8::String::Empty(class v8::Isolate *))
      161    ?GetAlignedPointerFromEmbedderData@Context@v8@@QEAAPEAXH@Z (public: void * __cdecl v8::Context::GetAlignedPointerFromEmbedderData(int))
      162    ?GetAlignedPointerFromInternalField@Object@v8@@QEAAPEAXH@Z (public: void * __cdecl v8::Object::GetAlignedPointerFromInternalField(int))
      163    ?GetAlignedPointerFromInternalField@Object@v8@@SAPEAXAEBV?$PersistentBase@VObject@v8@@@2@H@Z (public: static void * __cdecl v8::Object::GetAlignedPointerFromInternalField(class v8::PersistentBase<class v8::Object> const &,int))
      164    ?GetData@Isolate@v8@@QEAAPEAXI@Z (public: void * __cdecl v8::Isolate::GetData(unsigned int))
      165    ?GetEmbedderData@Context@v8@@QEAA?AV?$Local@VValue@v8@@@2@H@Z (public: class v8::Local<class v8::Value> __cdecl v8::Context::GetEmbedderData(int))
      166    ?GetExternalStringResource@String@v8@@QEBAPEAVExternalStringResource@12@XZ (public: class v8::String::ExternalStringResource * __cdecl v8::String::GetExternalStringResource(void)const )
      167    ?GetExternalStringResourceBase@String@v8@@QEBAPEAVExternalStringResourceBase@12@PEAW4Encoding@12@@Z (public: class v8::String::ExternalStringResourceBase * __cdecl v8::String::GetExternalStringResourceBase(enum v8::String::Encoding *)const )
      168    ?GetId@Script@v8@@QEAAHXZ (public: int __cdecl v8::Script::GetId(void))
      169    ?GetInternalField@Object@v8@@QEAA?AV?$Local@VValue@v8@@@2@H@Z (public: class v8::Local<class v8::Value> __cdecl v8::Object::GetInternalField(int))
      170    ?GetIsolate@HandleScope@v8@@QEBAPEAVIsolate@2@XZ (public: class v8::Isolate * __cdecl v8::HandleScope::GetIsolate(void)const )
      171    ?GetNativeFunctionTemplate@Extension@v8@@UEAA?AV?$Local@VFunctionTemplate@v8@@@2@PEAVIsolate@2@V?$Local@VString@v8@@@2@@Z (public: virtual class v8::Local<class v8::FunctionTemplate> __cdecl v8::Extension::GetNativeFunctionTemplate(class v8::Isolate *,class v8::Local<class v8::String>))
      172    ?GetNumberOfDataSlots@Isolate@v8@@SAIXZ (public: static unsigned int __cdecl v8::Isolate::GetNumberOfDataSlots(void))
      173    ?InternalFieldCount@Object@v8@@SAHAEBV?$PersistentBase@VObject@v8@@@2@@Z (public: static int __cdecl v8::Object::InternalFieldCount(class v8::PersistentBase<class v8::Object> const &))
      174    ?IsDead@V8@v8@@SA_NXZ (public: static bool __cdecl v8::V8::IsDead(void))
      175    ?IsExecutionTerminating@V8@v8@@SA_NPEAVIsolate@2@@Z (public: static bool __cdecl v8::V8::IsExecutionTerminating(class v8::Isolate *))
      176    ?IsNull@Value@v8@@QEBA_NXZ (public: bool __cdecl v8::Value::IsNull(void)const )
      177    ?IsString@Value@v8@@QEBA_NXZ (public: bool __cdecl v8::Value::IsString(void)const )
      178    ?IsUndefined@Value@v8@@QEBA_NXZ (public: bool __cdecl v8::Value::IsUndefined(void)const )
      179    ?JSStackComparableAddress@TryCatch@v8@@SAPEAXPEAV12@@Z (public: static void * __cdecl v8::TryCatch::JSStackComparableAddress(class v8::TryCatch *))
      180    ?New@Boolean@v8@@SA?AV?$Local@VBoolean@v8@@@2@PEAVIsolate@2@_N@Z (public: static class v8::Local<class v8::Boolean> __cdecl v8::Boolean::New(class v8::Isolate *,bool))
      181    ?NewInstance@Function@v8@@QEBA?AV?$MaybeLocal@VObject@v8@@@2@V?$Local@VContext@v8@@@2@@Z (public: class v8::MaybeLocal<class v8::Object> __cdecl v8::Function::NewInstance(class v8::Local<class v8::Context>)const )
      182    ?QuickIsNull@Value@v8@@AEBA_NXZ (private: bool __cdecl v8::Value::QuickIsNull(void)const )
      183    ?QuickIsString@Value@v8@@AEBA_NXZ (private: bool __cdecl v8::Value::QuickIsString(void)const )
      184    ?QuickIsUndefined@Value@v8@@AEBA_NXZ (private: bool __cdecl v8::Value::QuickIsUndefined(void)const )
      185    ?RemoveGCEpilogueCallback@V8@v8@@SAXP6AXW4GCType@2@W4GCCallbackFlags@2@@Z@Z (public: static void __cdecl v8::V8::RemoveGCEpilogueCallback(void (__cdecl*)(enum v8::GCType,enum v8::GCCallbackFlags)))
      186    ?RemoveGCPrologueCallback@V8@v8@@SAXP6AXW4GCType@2@W4GCCallbackFlags@2@@Z@Z (public: static void __cdecl v8::V8::RemoveGCPrologueCallback(void (__cdecl*)(enum v8::GCType,enum v8::GCCallbackFlags)))
      187    ?RemoveMemoryAllocationCallback@V8@v8@@SAXP6AXW4ObjectSpace@2@W4AllocationAction@2@H@Z@Z (public: static void __cdecl v8::V8::RemoveMemoryAllocationCallback(void (__cdecl*)(enum v8::ObjectSpace,enum v8::AllocationAction,int)))
      188    ?RemoveMessageListeners@V8@v8@@SAXP6AXV?$Local@VMessage@v8@@@2@V?$Local@VValue@v8@@@2@@Z@Z (public: static void __cdecl v8::V8::RemoveMessageListeners(void (__cdecl*)(class v8::Local<class v8::Message>,class v8::Local<class v8::Value>)))
      189    ?Set@Template@v8@@QEAAXPEAVIsolate@2@PEBDV?$Local@VData@v8@@@2@@Z (public: void __cdecl v8::Template::Set(class v8::Isolate *,char const *,class v8::Local<class v8::Data>))
      190    ?SetAllowCodeGenerationFromStringsCallback@V8@v8@@SAXP6A_NV?$Local@VContext@v8@@@2@@Z@Z (public: static void __cdecl v8::V8::SetAllowCodeGenerationFromStringsCallback(bool (__cdecl*)(class v8::Local<class v8::Context>)))
      191    ?SetCaptureStackTraceForUncaughtExceptions@V8@v8@@SAX_NHW4StackTraceOptions@StackTrace@2@@Z (public: static void __cdecl v8::V8::SetCaptureStackTraceForUncaughtExceptions(bool,int,enum v8::StackTrace::StackTraceOptions))
      192    ?SetData@Isolate@v8@@QEAAXIPEAX@Z (public: void __cdecl v8::Isolate::SetData(unsigned int,void *))
      193    ?SetFailedAccessCheckCallbackFunction@V8@v8@@SAXP6AXV?$Local@VObject@v8@@@2@W4AccessType@2@V?$Local@VValue@v8@@@2@@Z@Z (public: static void __cdecl v8::V8::SetFailedAccessCheckCallbackFunction(void (__cdecl*)(class v8::Local<class v8::Object>,enum v8::AccessType,class v8::Local<class v8::Value>)))
      194    ?SetFatalErrorHandler@V8@v8@@SAXP6AXPEBD0@Z@Z (public: static void __cdecl v8::V8::SetFatalErrorHandler(void (__cdecl*)(char const *,char const *)))
      195    ?SetIndexedPropertyHandler@ObjectTemplate@v8@@QEAAXP6AXIAEBV?$PropertyCallbackInfo@VValue@v8@@@2@@ZP6AXIV?$Local@VValue@v8@@@2@0@ZP6AXIAEBV?$PropertyCallbackInfo@VInteger@v8@@@2@@ZP6AXIAEBV?$PropertyCallbackInfo@VBoolean@v8@@@2@@ZP6AXAEBV?$PropertyCallbackInfo@VArray@v8@@@2@@Z2@Z (public: void __cdecl v8::ObjectTemplate::SetIndexedPropertyHandler(void (__cdecl*)(unsigned int,class v8::PropertyCallbackInfo<class v8::Value> const &),void (__cdecl*)(unsigned int,class v8::Local<class v8::Value>,class v8::PropertyCallbackInfo<class v8::Value> const &),void (__cdecl*)(unsigned int,class v8::PropertyCallbackInfo<class v8::Integer> const &),void (__cdecl*)(unsigned int,class v8::PropertyCallbackInfo<class v8::Boolean> const &),void (__cdecl*)(class v8::PropertyCallbackInfo<class v8::Array> const &),class v8::Local<class v8::Value>))
      196    ?TerminateExecution@V8@v8@@SAXPEAVIsolate@2@@Z (public: static void __cdecl v8::V8::TerminateExecution(class v8::Isolate *))
      197    ?ToBoolean@Value@v8@@QEBA?AV?$Local@VBoolean@v8@@@2@XZ (public: class v8::Local<class v8::Boolean> __cdecl v8::Value::ToBoolean(void)const )
      198    ?ToDetailString@Value@v8@@QEBA?AV?$Local@VString@v8@@@2@XZ (public: class v8::Local<class v8::String> __cdecl v8::Value::ToDetailString(void)const )
      199    ?ToInt32@Value@v8@@QEBA?AV?$Local@VInt32@v8@@@2@XZ (public: class v8::Local<class v8::Int32> __cdecl v8::Value::ToInt32(void)const )
      200    ?ToInteger@Value@v8@@QEBA?AV?$Local@VInteger@v8@@@2@XZ (public: class v8::Local<class v8::Integer> __cdecl v8::Value::ToInteger(void)const )
      201    ?ToNumber@Value@v8@@QEBA?AV?$Local@VNumber@v8@@@2@XZ (public: class v8::Local<class v8::Number> __cdecl v8::Value::ToNumber(void)const )
      202    ?ToObject@Value@v8@@QEBA?AV?$Local@VObject@v8@@@2@XZ (public: class v8::Local<class v8::Object> __cdecl v8::Value::ToObject(void)const )
      203    ?ToString@Value@v8@@QEBA?AV?$Local@VString@v8@@@2@XZ (public: class v8::Local<class v8::String> __cdecl v8::Value::ToString(void)const )
      204    ?ToUint32@Value@v8@@QEBA?AV?$Local@VUint32@v8@@@2@XZ (public: class v8::Local<class v8::Uint32> __cdecl v8::Value::ToUint32(void)const )
      205    ?VisitExternalResources@V8@v8@@SAXPEAVExternalResourceVisitor@2@@Z (public: static void __cdecl v8::V8::VisitExternalResources(class v8::ExternalResourceVisitor *))
      206    ?VisitExternalString@ExternalResourceVisitor@v8@@UEAAXV?$Local@VString@v8@@@2@@Z (public: virtual void __cdecl v8::ExternalResourceVisitor::VisitExternalString(class v8::Local<class v8::String>))
      207    ?VisitHandlesForPartialDependence@V8@v8@@SAXPEAVIsolate@2@PEAVPersistentHandleVisitor@2@@Z (public: static void __cdecl v8::V8::VisitHandlesForPartialDependence(class v8::Isolate *,class v8::PersistentHandleVisitor *))
      208    ?VisitHandlesWithClassIds@V8@v8@@SAXPEAVIsolate@2@PEAVPersistentHandleVisitor@2@@Z (public: static void __cdecl v8::V8::VisitHandlesWithClassIds(class v8::Isolate *,class v8::PersistentHandleVisitor *))
      209    ?VisitHandlesWithClassIds@V8@v8@@SAXPEAVPersistentHandleVisitor@2@@Z (public: static void __cdecl v8::V8::VisitHandlesWithClassIds(class v8::PersistentHandleVisitor *))
      210    ?VisitPersistentHandle@PersistentHandleVisitor@v8@@UEAAXPEAV?$Persistent@VValue@v8@@V?$NonCopyablePersistentTraits@VValue@v8@@@2@@2@G@Z (public: virtual void __cdecl v8::PersistentHandleVisitor::VisitPersistentHandle(class v8::Persistent<class v8::Value,class v8::NonCopyablePersistentTraits<class v8::Value> > *,unsigned short))
      211    ?auto_enable@Extension@v8@@QEAA_NXZ (public: bool __cdecl v8::Extension::auto_enable(void))
      212    ?begin@ExtensionConfiguration@v8@@QEBAPEAPEBDXZ (public: char const * * __cdecl v8::ExtensionConfiguration::begin(void)const )
      213    ?code_range_size@ResourceConstraints@v8@@QEBA_KXZ (public: unsigned __int64 __cdecl v8::ResourceConstraints::code_range_size(void)const )
      214    ?data@ExternalOneByteStringResourceImpl@v8@@UEBAPEBDXZ (public: virtual char const * __cdecl v8::ExternalOneByteStringResourceImpl::data(void)const )
      215    ?dependencies@Extension@v8@@QEAAPEAPEBDXZ (public: char const * * __cdecl v8::Extension::dependencies(void))
      216    ?dependency_count@Extension@v8@@QEAAHXZ (public: int __cdecl v8::Extension::dependency_count(void))
      217    ?end@ExtensionConfiguration@v8@@QEBAPEAPEBDXZ (public: char const * * __cdecl v8::ExtensionConfiguration::end(void)const )
      218    ?heap_size_limit@HeapStatistics@v8@@QEAA_KXZ (public: unsigned __int64 __cdecl v8::HeapStatistics::heap_size_limit(void))
      219    ?impl@StreamedSource@ScriptCompiler@v8@@QEBAPEAU1internal@3@XZ (public: struct v8::internal::StreamedSource * __cdecl v8::ScriptCompiler::StreamedSource::impl(void)const )
      220    ?kInternalFieldCount@ArrayBuffer@v8@@2HB (public: static int const v8::ArrayBuffer::kInternalFieldCount)
      221    ?kInternalFieldCount@ArrayBufferView@v8@@2HB (public: static int const v8::ArrayBufferView::kInternalFieldCount)
      222    ?kInternalFieldCount@SharedArrayBuffer@v8@@2HB (public: static int const v8::SharedArrayBuffer::kInternalFieldCount)
      223    ?kMaxLength@String@v8@@2HB (public: static int const v8::String::kMaxLength)
      224    ?kNoColumnInfo@Message@v8@@2HB (public: static int const v8::Message::kNoColumnInfo)
      225    ?kNoLineNumberInfo@Message@v8@@2HB (public: static int const v8::Message::kNoLineNumberInfo)
      226    ?kNoScriptId@UnboundScript@v8@@2HB (public: static int const v8::UnboundScript::kNoScriptId)
      227    ?kNoScriptIdInfo@Message@v8@@2HB (public: static int const v8::Message::kNoScriptIdInfo)
      228    ?length@ExternalOneByteStringResourceImpl@v8@@UEBA_KXZ (public: virtual unsigned __int64 __cdecl v8::ExternalOneByteStringResourceImpl::length(void)const )
      229    ?length@Utf8Value@String@v8@@QEBAHXZ (public: int __cdecl v8::String::Utf8Value::length(void)const )
      230    ?length@Value@String@v8@@QEBAHXZ (public: int __cdecl v8::String::Value::length(void)const )
      231    ?max_available_threads@ResourceConstraints@v8@@QEBAHXZ (public: int __cdecl v8::ResourceConstraints::max_available_threads(void)const )
      232    ?max_executable_size@ResourceConstraints@v8@@QEBAHXZ (public: int __cdecl v8::ResourceConstraints::max_executable_size(void)const )
      233    ?max_old_space_size@ResourceConstraints@v8@@QEBAHXZ (public: int __cdecl v8::ResourceConstraints::max_old_space_size(void)const )
      234    ?max_semi_space_size@ResourceConstraints@v8@@QEBAHXZ (public: int __cdecl v8::ResourceConstraints::max_semi_space_size(void)const )
      235    ?name@Extension@v8@@QEBAPEBDXZ (public: char const * __cdecl v8::Extension::name(void)const )
      236    ?object_count@HeapObjectStatistics@v8@@QEAA_KXZ (public: unsigned __int64 __cdecl v8::HeapObjectStatistics::object_count(void))
      237    ?object_size@HeapObjectStatistics@v8@@QEAA_KXZ (public: unsigned __int64 __cdecl v8::HeapObjectStatistics::object_size(void))
      238    ?object_sub_type@HeapObjectStatistics@v8@@QEAAPEBDXZ (public: char const * __cdecl v8::HeapObjectStatistics::object_sub_type(void))
      239    ?object_type@HeapObjectStatistics@v8@@QEAAPEBDXZ (public: char const * __cdecl v8::HeapObjectStatistics::object_type(void))
      240    ?physical_space_size@HeapSpaceStatistics@v8@@QEAA_KXZ (public: unsigned __int64 __cdecl v8::HeapSpaceStatistics::physical_space_size(void))
      241    ?set_auto_enable@Extension@v8@@QEAAX_N@Z (public: void __cdecl v8::Extension::set_auto_enable(bool))
      242    ?set_code_range_size@ResourceConstraints@v8@@QEAAX_K@Z (public: void __cdecl v8::ResourceConstraints::set_code_range_size(unsigned __int64))
      243    ?set_max_available_threads@ResourceConstraints@v8@@QEAAXH@Z (public: void __cdecl v8::ResourceConstraints::set_max_available_threads(int))
      244    ?set_max_executable_size@ResourceConstraints@v8@@QEAAXH@Z (public: void __cdecl v8::ResourceConstraints::set_max_executable_size(int))
      245    ?set_max_old_space_size@ResourceConstraints@v8@@QEAAXH@Z (public: void __cdecl v8::ResourceConstraints::set_max_old_space_size(int))
      246    ?set_max_semi_space_size@ResourceConstraints@v8@@QEAAXH@Z (public: void __cdecl v8::ResourceConstraints::set_max_semi_space_size(int))
      247    ?set_stack_limit@ResourceConstraints@v8@@QEAAXPEAI@Z (public: void __cdecl v8::ResourceConstraints::set_stack_limit(unsigned int *))
      248    ?source@Extension@v8@@QEBAPEBVExternalOneByteStringResource@String@2@XZ (public: class v8::String::ExternalOneByteStringResource const * __cdecl v8::Extension::source(void)const )
      249    ?source_length@Extension@v8@@QEBA_KXZ (public: unsigned __int64 __cdecl v8::Extension::source_length(void)const )
      250    ?space_available_size@HeapSpaceStatistics@v8@@QEAA_KXZ (public: unsigned __int64 __cdecl v8::HeapSpaceStatistics::space_available_size(void))
      251    ?space_name@HeapSpaceStatistics@v8@@QEAAPEBDXZ (public: char const * __cdecl v8::HeapSpaceStatistics::space_name(void))
      252    ?space_size@HeapSpaceStatistics@v8@@QEAA_KXZ (public: unsigned __int64 __cdecl v8::HeapSpaceStatistics::space_size(void))
      253    ?space_used_size@HeapSpaceStatistics@v8@@QEAA_KXZ (public: unsigned __int64 __cdecl v8::HeapSpaceStatistics::space_used_size(void))
      254    ?stack_limit@ResourceConstraints@v8@@QEBAPEAIXZ (public: unsigned int * __cdecl v8::ResourceConstraints::stack_limit(void)const )
      255    ?total_available_size@HeapStatistics@v8@@QEAA_KXZ (public: unsigned __int64 __cdecl v8::HeapStatistics::total_available_size(void))
      256    ?total_heap_size@HeapStatistics@v8@@QEAA_KXZ (public: unsigned __int64 __cdecl v8::HeapStatistics::total_heap_size(void))
      257    ?total_heap_size_executable@HeapStatistics@v8@@QEAA_KXZ (public: unsigned __int64 __cdecl v8::HeapStatistics::total_heap_size_executable(void))
      258    ?total_physical_size@HeapStatistics@v8@@QEAA_KXZ (public: unsigned __int64 __cdecl v8::HeapStatistics::total_physical_size(void))
      259    ?used_heap_size@HeapStatistics@v8@@QEAA_KXZ (public: unsigned __int64 __cdecl v8::HeapStatistics::used_heap_size(void))
      260    _register_WebWorkerThreads_
